Archive member included to satisfy reference by file (symbol)

c:/st/stm32cubeide_1.12.1/stm32cubeide/plugins/com.st.stm32cube.ide.mcu.externaltools.gnu-tools-for-stm32.10.3-2021.10.win32_1.0.200.202301161003/tools/bin/../lib/gcc/arm-none-eabi/10.3.1/../../../../arm-none-eabi/lib/thumb/v7e-m+fp/hard\libc_nano.a(lib_a-errno.o)
                              ./Core/Src/syscalls.o (__errno)
c:/st/stm32cubeide_1.12.1/stm32cubeide/plugins/com.st.stm32cube.ide.mcu.externaltools.gnu-tools-for-stm32.10.3-2021.10.win32_1.0.200.202301161003/tools/bin/../lib/gcc/arm-none-eabi/10.3.1/../../../../arm-none-eabi/lib/thumb/v7e-m+fp/hard\libc_nano.a(lib_a-exit.o)
                              c:/st/stm32cubeide_1.12.1/stm32cubeide/plugins/com.st.stm32cube.ide.mcu.externaltools.gnu-tools-for-stm32.10.3-2021.10.win32_1.0.200.202301161003/tools/bin/../lib/gcc/arm-none-eabi/10.3.1/../../../../arm-none-eabi/lib/thumb/v7e-m+fp/hard/crt0.o (exit)
c:/st/stm32cubeide_1.12.1/stm32cubeide/plugins/com.st.stm32cube.ide.mcu.externaltools.gnu-tools-for-stm32.10.3-2021.10.win32_1.0.200.202301161003/tools/bin/../lib/gcc/arm-none-eabi/10.3.1/../../../../arm-none-eabi/lib/thumb/v7e-m+fp/hard\libc_nano.a(lib_a-impure.o)
                              c:/st/stm32cubeide_1.12.1/stm32cubeide/plugins/com.st.stm32cube.ide.mcu.externaltools.gnu-tools-for-stm32.10.3-2021.10.win32_1.0.200.202301161003/tools/bin/../lib/gcc/arm-none-eabi/10.3.1/../../../../arm-none-eabi/lib/thumb/v7e-m+fp/hard\libc_nano.a(lib_a-exit.o) (_global_impure_ptr)
c:/st/stm32cubeide_1.12.1/stm32cubeide/plugins/com.st.stm32cube.ide.mcu.externaltools.gnu-tools-for-stm32.10.3-2021.10.win32_1.0.200.202301161003/tools/bin/../lib/gcc/arm-none-eabi/10.3.1/../../../../arm-none-eabi/lib/thumb/v7e-m+fp/hard\libc_nano.a(lib_a-init.o)
                              c:/st/stm32cubeide_1.12.1/stm32cubeide/plugins/com.st.stm32cube.ide.mcu.externaltools.gnu-tools-for-stm32.10.3-2021.10.win32_1.0.200.202301161003/tools/bin/../lib/gcc/arm-none-eabi/10.3.1/../../../../arm-none-eabi/lib/thumb/v7e-m+fp/hard/crt0.o (__libc_init_array)
c:/st/stm32cubeide_1.12.1/stm32cubeide/plugins/com.st.stm32cube.ide.mcu.externaltools.gnu-tools-for-stm32.10.3-2021.10.win32_1.0.200.202301161003/tools/bin/../lib/gcc/arm-none-eabi/10.3.1/../../../../arm-none-eabi/lib/thumb/v7e-m+fp/hard\libc_nano.a(lib_a-malloc.o)
                              ./Middlewares/ST/STM32_USB_Host_Library/Class/CDC/Src/usbh_cdc.o (malloc)
c:/st/stm32cubeide_1.12.1/stm32cubeide/plugins/com.st.stm32cube.ide.mcu.externaltools.gnu-tools-for-stm32.10.3-2021.10.win32_1.0.200.202301161003/tools/bin/../lib/gcc/arm-none-eabi/10.3.1/../../../../arm-none-eabi/lib/thumb/v7e-m+fp/hard\libc_nano.a(lib_a-memset.o)
                              c:/st/stm32cubeide_1.12.1/stm32cubeide/plugins/com.st.stm32cube.ide.mcu.externaltools.gnu-tools-for-stm32.10.3-2021.10.win32_1.0.200.202301161003/tools/bin/../lib/gcc/arm-none-eabi/10.3.1/../../../../arm-none-eabi/lib/thumb/v7e-m+fp/hard/crt0.o (memset)
c:/st/stm32cubeide_1.12.1/stm32cubeide/plugins/com.st.stm32cube.ide.mcu.externaltools.gnu-tools-for-stm32.10.3-2021.10.win32_1.0.200.202301161003/tools/bin/../lib/gcc/arm-none-eabi/10.3.1/../../../../arm-none-eabi/lib/thumb/v7e-m+fp/hard\libc_nano.a(lib_a-nano-freer.o)
                              c:/st/stm32cubeide_1.12.1/stm32cubeide/plugins/com.st.stm32cube.ide.mcu.externaltools.gnu-tools-for-stm32.10.3-2021.10.win32_1.0.200.202301161003/tools/bin/../lib/gcc/arm-none-eabi/10.3.1/../../../../arm-none-eabi/lib/thumb/v7e-m+fp/hard\libc_nano.a(lib_a-malloc.o) (_free_r)
c:/st/stm32cubeide_1.12.1/stm32cubeide/plugins/com.st.stm32cube.ide.mcu.externaltools.gnu-tools-for-stm32.10.3-2021.10.win32_1.0.200.202301161003/tools/bin/../lib/gcc/arm-none-eabi/10.3.1/../../../../arm-none-eabi/lib/thumb/v7e-m+fp/hard\libc_nano.a(lib_a-nano-mallocr.o)
                              c:/st/stm32cubeide_1.12.1/stm32cubeide/plugins/com.st.stm32cube.ide.mcu.externaltools.gnu-tools-for-stm32.10.3-2021.10.win32_1.0.200.202301161003/tools/bin/../lib/gcc/arm-none-eabi/10.3.1/../../../../arm-none-eabi/lib/thumb/v7e-m+fp/hard\libc_nano.a(lib_a-malloc.o) (_malloc_r)
c:/st/stm32cubeide_1.12.1/stm32cubeide/plugins/com.st.stm32cube.ide.mcu.externaltools.gnu-tools-for-stm32.10.3-2021.10.win32_1.0.200.202301161003/tools/bin/../lib/gcc/arm-none-eabi/10.3.1/../../../../arm-none-eabi/lib/thumb/v7e-m+fp/hard\libc_nano.a(lib_a-sbrkr.o)
                              c:/st/stm32cubeide_1.12.1/stm32cubeide/plugins/com.st.stm32cube.ide.mcu.externaltools.gnu-tools-for-stm32.10.3-2021.10.win32_1.0.200.202301161003/tools/bin/../lib/gcc/arm-none-eabi/10.3.1/../../../../arm-none-eabi/lib/thumb/v7e-m+fp/hard\libc_nano.a(lib_a-nano-mallocr.o) (_sbrk_r)
c:/st/stm32cubeide_1.12.1/stm32cubeide/plugins/com.st.stm32cube.ide.mcu.externaltools.gnu-tools-for-stm32.10.3-2021.10.win32_1.0.200.202301161003/tools/bin/../lib/gcc/arm-none-eabi/10.3.1/../../../../arm-none-eabi/lib/thumb/v7e-m+fp/hard\libc_nano.a(lib_a-mlock.o)
[...]
Memory Configuration

Name             Origin             Length             Attributes
RAM              0x0000000020000000 0x0000000000020000 xrw
FLASH            0x0000000008000000 0x0000000000080000 xr
*default*        0x0000000000000000 0xffffffffffffffff

Linker script and memory map

LOAD c:/st/stm32cubeide_1.12.1/stm32cubeide/plugins/com.st.stm32cube.ide.mcu.externaltools.gnu-tools-for-stm32.10.3-2021.10.win32_1.0.200.202301161003/tools/bin/../lib/gcc/arm-none-eabi/10.3.1/thumb/v7e-m+fp/hard/crti.o
LOAD c:/st/stm32cubeide_1.12.1/stm32cubeide/plugins/com.st.stm32cube.ide.mcu.externaltools.gnu-tools-for-stm32.10.3-2021.10.win32_1.0.200.202301161003/tools/bin/../lib/gcc/arm-none-eabi/10.3.1/thumb/v7e-m+fp/hard/crtbegin.o
LOAD c:/st/stm32cubeide_1.12.1/stm32cubeide/plugins/com.st.stm32cube.ide.mcu.externaltools.gnu-tools-for-stm32.10.3-2021.10.win32_1.0.200.202301161003/tools/bin/../lib/gcc/arm-none-eabi/10.3.1/../../../../arm-none-eabi/lib/thumb/v7e-m+fp/hard/crt0.o
LOAD ./Core/Src/main.o
LOAD ./Core/Src/stm32f4xx_hal_msp.o
LOAD ./Core/Src/stm32f4xx_it.o
LOAD ./Core/Src/syscalls.o
LOAD ./Core/Src/sysmem.o
LOAD ./Core/Src/system_stm32f4xx.o
LOAD ./Core/Startup/startup_stm32f411vetx.o
LOAD ./Drivers/STM32F4xx_HAL_Driver/Src/stm32f4xx_hal.o
LOAD ./Drivers/STM32F4xx_HAL_Driver/Src/stm32f4xx_hal_cortex.o
LOAD ./Drivers/STM32F4xx_HAL_Driver/Src/stm32f4xx_hal_dma.o
LOAD ./Drivers/STM32F4xx_HAL_Driver/Src/stm32f4xx_hal_dma_ex.o
LOAD ./Drivers/STM32F4xx_HAL_Driver/Src/stm32f4xx_hal_exti.o
LOAD ./Drivers/STM32F4xx_HAL_Driver/Src/stm32f4xx_hal_flash.o
LOAD ./Drivers/STM32F4xx_HAL_Driver/Src/stm32f4xx_hal_flash_ex.o
LOAD ./Drivers/STM32F4xx_HAL_Driver/Src/stm32f4xx_hal_flash_ramfunc.o
LOAD ./Drivers/STM32F4xx_HAL_Driver/Src/stm32f4xx_hal_gpio.o
LOAD ./Drivers/STM32F4xx_HAL_Driver/Src/stm32f4xx_hal_hcd.o
LOAD ./Drivers/STM32F4xx_HAL_Driver/Src/stm32f4xx_hal_i2c.o
LOAD ./Drivers/STM32F4xx_HAL_Driver/Src/stm32f4xx_hal_i2c_ex.o
LOAD ./Drivers/STM32F4xx_HAL_Driver/Src/stm32f4xx_hal_i2s.o
LOAD ./Drivers/STM32F4xx_HAL_Driver/Src/stm32f4xx_hal_i2s_ex.o
LOAD ./Drivers/STM32F4xx_HAL_Driver/Src/stm32f4xx_hal_pwr.o
LOAD ./Drivers/STM32F4xx_HAL_Driver/Src/stm32f4xx_hal_pwr_ex.o
LOAD ./Drivers/STM32F4xx_HAL_Driver/Src/stm32f4xx_hal_rcc.o
LOAD ./Drivers/STM32F4xx_HAL_Driver/Src/stm32f4xx_hal_rcc_ex.o
LOAD ./Drivers/STM32F4xx_HAL_Driver/Src/stm32f4xx_hal_spi.o
LOAD ./Drivers/STM32F4xx_HAL_Driver/Src/stm32f4xx_hal_tim.o
LOAD ./Drivers/STM32F4xx_HAL_Driver/Src/stm32f4xx_hal_tim_ex.o
LOAD ./Drivers/STM32F4xx_HAL_Driver/Src/stm32f4xx_ll_usb.o
LOAD ./Middlewares/ST/STM32_USB_Host_Library/Class/CDC/Src/usbh_cdc.o
LOAD ./Middlewares/ST/STM32_USB_Host_Library/Core/Src/usbh_core.o
LOAD ./Middlewares/ST/STM32_USB_Host_Library/Core/Src/usbh_ctlreq.o
LOAD ./Middlewares/ST/STM32_USB_Host_Library/Core/Src/usbh_ioreq.o
LOAD ./Middlewares/ST/STM32_USB_Host_Library/Core/Src/usbh_pipes.o
LOAD ./USB_HOST/App/usb_host.o
LOAD ./USB_HOST/Target/usbh_conf.o
LOAD ./USB_HOST/Target/usbh_platform.o
START GROUP
LOAD c:/st/stm32cubeide_1.12.1/stm32cubeide/plugins/com.st.stm32cube.ide.mcu.externaltools.gnu-tools-for-stm32.10.3-2021.10.win32_1.0.200.202301161003/tools/bin/../lib/gcc/arm-none-eabi/10.3.1/../../../../arm-none-eabi/lib/thumb/v7e-m+fp/hard\libstdc++_nano.a
LOAD c:/st/stm32cubeide_1.12.1/stm32cubeide/plugins/com.st.stm32cube.ide.mcu.externaltools.gnu-tools-for-stm32.10.3-2021.10.win32_1.0.200.202301161003/tools/bin/../lib/gcc/arm-none-eabi/10.3.1/../../../../arm-none-eabi/lib/thumb/v7e-m+fp/hard\libsupc++_nano.a
END GROUP
LOAD c:/st/stm32cubeide_1.12.1/stm32cubeide/plugins/com.st.stm32cube.ide.mcu.externaltools.gnu-tools-for-stm32.10.3-2021.10.win32_1.0.200.202301161003/tools/bin/../lib/gcc/arm-none-eabi/10.3.1/../../../../arm-none-eabi/lib/thumb/v7e-m+fp/hard\libstdc++_nano.a
LOAD c:/st/stm32cubeide_1.12.1/stm32cubeide/plugins/com.st.stm32cube.ide.mcu.externaltools.gnu-tools-for-stm32.10.3-2021.10.win32_1.0.200.202301161003/tools/bin/../lib/gcc/arm-none-eabi/10.3.1/../../../../arm-none-eabi/lib/thumb/v7e-m+fp/hard\libm.a
LOAD c:/st/stm32cubeide_1.12.1/stm32cubeide/plugins/com.st.stm32cube.ide.mcu.externaltools.gnu-tools-for-stm32.10.3-2021.10.win32_1.0.200.202301161003/tools/bin/../lib/gcc/arm-none-eabi/10.3.1/../../../../arm-none-eabi/lib/thumb/v7e-m+fp/hard\libc_nano.a
START GROUP
LOAD c:/st/stm32cubeide_1.12.1/stm32cubeide/plugins/com.st.stm32cube.ide.mcu.externaltools.gnu-tools-for-stm32.10.3-2021.10.win32_1.0.200.202301161003/tools/bin/../lib/gcc/arm-none-eabi/10.3.1/thumb/v7e-m+fp/hard\libgcc.a
LOAD c:/st/stm32cubeide_1.12.1/stm32cubeide/plugins/com.st.stm32cube.ide.mcu.externaltools.gnu-tools-for-stm32.10.3-2021.10.win32_1.0.200.202301161003/tools/bin/../lib/gcc/arm-none-eabi/10.3.1/../../../../arm-none-eabi/lib/thumb/v7e-m+fp/hard\libc_nano.a
END GROUP
START GROUP
LOAD c:/st/stm32cubeide_1.12.1/stm32cubeide/plugins/com.st.stm32cube.ide.mcu.externaltools.gnu-tools-for-stm32.10.3-2021.10.win32_1.0.200.202301161003/tools/bin/../lib/gcc/arm-none-eabi/10.3.1/thumb/v7e-m+fp/hard\libgcc.a
LOAD c:/st/stm32cubeide_1.12.1/stm32cubeide/plugins/com.st.stm32cube.ide.mcu.externaltools.gnu-tools-for-stm32.10.3-2021.10.win32_1.0.200.202301161003/tools/bin/../lib/gcc/arm-none-eabi/10.3.1/../../../../arm-none-eabi/lib/thumb/v7e-m+fp/hard\libc_nano.a
LOAD c:/st/stm32cubeide_1.12.1/stm32cubeide/plugins/com.st.stm32cube.ide.mcu.externaltools.gnu-tools-for-stm32.10.3-2021.10.win32_1.0.200.202301161003/tools/bin/../lib/gcc/arm-none-eabi/10.3.1/../../../../arm-none-eabi/lib/thumb/v7e-m+fp/hard\libnosys.a
END GROUP
START GROUP
LOAD c:/st/stm32cubeide_1.12.1/stm32cubeide/plugins/com.st.stm32cube.ide.mcu.externaltools.gnu-tools-for-stm32.10.3-2021.10.win32_1.0.200.202301161003/tools/bin/../lib/gcc/arm-none-eabi/10.3.1/thumb/v7e-m+fp/hard\libgcc.a
LOAD c:/st/stm32cubeide_1.12.1/stm32cubeide/plugins/com.st.stm32cube.ide.mcu.externaltools.gnu-tools-for-stm32.10.3-2021.10.win32_1.0.200.202301161003/tools/bin/../lib/gcc/arm-none-eabi/10.3.1/../../../../arm-none-eabi/lib/thumb/v7e-m+fp/hard\libc_nano.a
LOAD c:/st/stm32cubeide_1.12.1/stm32cubeide/plugins/com.st.stm32cube.ide.mcu.externaltools.gnu-tools-for-stm32.10.3-2021.10.win32_1.0.200.202301161003/tools/bin/../lib/gcc/arm-none-eabi/10.3.1/../../../../arm-none-eabi/lib/thumb/v7e-m+fp/hard\libnosys.a
END GROUP
LOAD c:/st/stm32cubeide_1.12.1/stm32cubeide/plugins/com.st.stm32cube.ide.mcu.externaltools.gnu-tools-for-stm32.10.3-2021.10.win32_1.0.200.202301161003/tools/bin/../lib/gcc/arm-none-eabi/10.3.1/thumb/v7e-m+fp/hard/crtend.o
LOAD c:/st/stm32cubeide_1.12.1/stm32cubeide/plugins/com.st.stm32cube.ide.mcu.externaltools.gnu-tools-for-stm32.10.3-2021.10.win32_1.0.200.202301161003/tools/bin/../lib/gcc/arm-none-eabi/10.3.1/thumb/v7e-m+fp/hard/crtn.o
                0x0000000020020000                _estack = (ORIGIN (RAM) + LENGTH (RAM))
                0x0000000000000200                _Min_Heap_Size = 0x200
                0x0000000000000400                _Min_Stack_Size = 0x400

.isr_vector     0x0000000008000000      0x198
                0x0000000008000000                . = ALIGN (0x4)
 *(.isr_vector)
 .isr_vector    0x0000000008000000      0x198 ./Core/Startup/startup_stm32f411vetx.o
                0x0000000008000000                g_pfnVectors
                0x0000000008000198                . = ALIGN (0x4)

.text           0x0000000008000198     0x7bd8
                0x0000000008000198                . = ALIGN (0x4)
 *(.text)
 .text          0x0000000008000198       0x40 c:/st/stm32cubeide_1.12.1/stm32cubeide/plugins/com.st.stm32cube.ide.mcu.externaltools.gnu-tools-for-stm32.10.3-2021.10.win32_1.0.200.202301161003/tools/bin/../lib/gcc/arm-none-eabi/10.3.1/thumb/v7e-m+fp/hard/crtbegin.o
 .text          0x00000000080001d8       0x30 c:/st/stm32cubeide_1.12.1/stm32cubeide/plugins/com.st.stm32cube.ide.mcu.externaltools.gnu-tools-for-stm32.10.3-2021.10.win32_1.0.200.202301161003/tools/bin/../lib/gcc/arm-none-eabi/10.3.1/thumb/v7e-m+fp/hard\libgcc.a(_aeabi_uldivmod.o)
                0x00000000080001d8                __aeabi_uldivmod
 .text          0x0000000008000208      0x2d0 c:/st/stm32cubeide_1.12.1/stm32cubeide/plugins/com.st.stm32cube.ide.mcu.externaltools.gnu-tools-for-stm32.10.3-2021.10.win32_1.0.200.202301161003/tools/bin/../lib/gcc/arm-none-eabi/10.3.1/thumb/v7e-m+fp/hard\libgcc.a(_udivmoddi4.o)
                0x0000000008000208                __udivmoddi4
 .text          0x00000000080004d8        0x4 c:/st/stm32cubeide_1.12.1/stm32cubeide/plugins/com.st.stm32cube.ide.mcu.externaltools.gnu-tools-for-stm32.10.3-2021.10.win32_1.0.200.202301161003/tools/bin/../lib/gcc/arm-none-eabi/10.3.1/thumb/v7e-m+fp/hard\libgcc.a(_dvmd_tls.o)
                0x00000000080004d8                __aeabi_idiv0
                0x00000000080004d8                __aeabi_ldiv0
 *(.text*)
 .text.main     0x00000000080004dc       0x44 ./Core/Src/main.o
                0x00000000080004dc                main
 .text.SystemClock_Config
                0x0000000008000520       0xd0 ./Core/Src/main.o
                0x0000000008000520                SystemClock_Config
 .text.PeriphCommonClock_Config
                0x00000000080005f0       0x40 ./Core/Src/main.o
                0x00000000080005f0                PeriphCommonClock_Config
 .text.MX_I2C1_Init
                0x0000000008000630       0x5c ./Core/Src/main.o
 .text.MX_I2S2_Init
                0x000000000800068c       0x5c ./Core/Src/main.o
 .text.MX_I2S3_Init
                0x00000000080006e8       0x60 ./Core/Src/main.o
 .text.MX_SPI1_Init
                0x0000000008000748       0x6c ./Core/Src/main.o
 .text.MX_GPIO_Init
                0x00000000080007b4      0x1b4 ./Core/Src/main.o
 .text.Error_Handler
                0x0000000008000968        0xa ./Core/Src/main.o
                0x0000000008000968                Error_Handler
 *fill*         0x0000000008000972        0x2 
 .text.HAL_MspInit
                0x0000000008000974       0x50 ./Core/Src/stm32f4xx_hal_msp.o
                0x0000000008000974                HAL_MspInit
 .text.HAL_I2C_MspInit
                0x00000000080009c4       0x90 ./Core/Src/stm32f4xx_hal_msp.o
                0x00000000080009c4                HAL_I2C_MspInit
 .text.HAL_I2S_MspInit
                0x0000000008000a54      0x19c ./Core/Src/stm32f4xx_hal_msp.o
                0x0000000008000a54                HAL_I2S_MspInit
 .text.HAL_SPI_MspInit
                0x0000000008000bf0       0x90 ./Core/Src/stm32f4xx_hal_msp.o
                0x0000000008000bf0                HAL_SPI_MspInit
 .text.NMI_Handler
                0x0000000008000c80        0x6 ./Core/Src/stm32f4xx_it.o
                0x0000000008000c80                NMI_Handler
 .text.HardFault_Handler
                0x0000000008000c86        0x6 ./Core/Src/stm32f4xx_it.o
                0x0000000008000c86                HardFault_Handler
 .text.MemManage_Handler
                0x0000000008000c8c        0x6 ./Core/Src/stm32f4xx_it.o
                0x0000000008000c8c                MemManage_Handler
 .text.BusFault_Handler
                0x0000000008000c92        0x6 ./Core/Src/stm32f4xx_it.o
                0x0000000008000c92                BusFault_Handler
 .text.UsageFault_Handler
                0x0000000008000c98        0x6 ./Core/Src/stm32f4xx_it.o
                0x0000000008000c98                UsageFault_Handler
 .text.SVC_Handler
                0x0000000008000c9e        0xe ./Core/Src/stm32f4xx_it.o
                0x0000000008000c9e                SVC_Handler
 .text.DebugMon_Handler
                0x0000000008000cac        0xe ./Core/Src/stm32f4xx_it.o
                0x0000000008000cac                DebugMon_Handler
 .text.PendSV_Handler
                0x0000000008000cba        0xe ./Core/Src/stm32f4xx_it.o
                0x0000000008000cba                PendSV_Handler
 .text.SysTick_Handler
                0x0000000008000cc8        0xc ./Core/Src/stm32f4xx_it.o
                0x0000000008000cc8                SysTick_Handler
 .text.OTG_FS_IRQHandler
                0x0000000008000cd4       0x14 ./Core/Src/stm32f4xx_it.o
                0x0000000008000cd4                OTG_FS_IRQHandler
 .text._sbrk    0x0000000008000ce8       0x6c ./Core/Src/sysmem.o
                0x0000000008000ce8                _sbrk
 .text.SystemInit
                0x0000000008000d54       0x24 ./Core/Src/system_stm32f4xx.o
                0x0000000008000d54                SystemInit
 .text.Reset_Handler
                0x0000000008000d78       0x50 ./Core/Startup/startup_stm32f411vetx.o
                0x0000000008000d78                Reset_Handler
 .text.Default_Handler
                0x0000000008000dc8        0x2 ./Core/Startup/startup_stm32f411vetx.o
                0x0000000008000dc8                RTC_Alarm_IRQHandler
                0x0000000008000dc8                EXTI2_IRQHandler
                0x0000000008000dc8                SPI4_IRQHandler
                0x0000000008000dc8                TIM1_CC_IRQHandler
                0x0000000008000dc8                DMA2_Stream5_IRQHandler
                0x0000000008000dc8                DMA1_Stream5_IRQHandler
                0x0000000008000dc8                PVD_IRQHandler
                0x0000000008000dc8                SDIO_IRQHandler
                0x0000000008000dc8                TAMP_STAMP_IRQHandler
                0x0000000008000dc8                EXTI3_IRQHandler
                0x0000000008000dc8                TIM1_UP_TIM10_IRQHandler
                0x0000000008000dc8                I2C3_ER_IRQHandler
                0x0000000008000dc8                EXTI0_IRQHandler
                0x0000000008000dc8                I2C2_EV_IRQHandler
                0x0000000008000dc8                DMA1_Stream2_IRQHandler
                0x0000000008000dc8                FPU_IRQHandler
                0x0000000008000dc8                DMA2_Stream2_IRQHandler
                0x0000000008000dc8                SPI1_IRQHandler
                0x0000000008000dc8                TIM1_BRK_TIM9_IRQHandler
                0x0000000008000dc8                DMA2_Stream3_IRQHandler
                0x0000000008000dc8                USART6_IRQHandler
                0x0000000008000dc8                DMA2_Stream0_IRQHandler
                0x0000000008000dc8                TIM4_IRQHandler
                0x0000000008000dc8                I2C1_EV_IRQHandler
                0x0000000008000dc8                DMA1_Stream6_IRQHandler
                0x0000000008000dc8                DMA1_Stream1_IRQHandler
                0x0000000008000dc8                TIM3_IRQHandler
                0x0000000008000dc8                RCC_IRQHandler
                0x0000000008000dc8                Default_Handler
                0x0000000008000dc8                EXTI15_10_IRQHandler
                0x0000000008000dc8                ADC_IRQHandler
                0x0000000008000dc8                DMA1_Stream7_IRQHandler
                0x0000000008000dc8                SPI5_IRQHandler
                0x0000000008000dc8                TIM5_IRQHandler
                0x0000000008000dc8                DMA2_Stream7_IRQHandler
                0x0000000008000dc8                I2C3_EV_IRQHandler
                0x0000000008000dc8                EXTI9_5_IRQHandler
                0x0000000008000dc8                RTC_WKUP_IRQHandler
                0x0000000008000dc8                SPI2_IRQHandler
                0x0000000008000dc8                DMA1_Stream0_IRQHandler
                0x0000000008000dc8                EXTI4_IRQHandler
                0x0000000008000dc8                WWDG_IRQHandler
                0x0000000008000dc8                TIM2_IRQHandler
                0x0000000008000dc8                OTG_FS_WKUP_IRQHandler
                0x0000000008000dc8                TIM1_TRG_COM_TIM11_IRQHandler
                0x0000000008000dc8                EXTI1_IRQHandler
                0x0000000008000dc8                USART2_IRQHandler
                0x0000000008000dc8                I2C2_ER_IRQHandler
                0x0000000008000dc8                DMA2_Stream1_IRQHandler
                0x0000000008000dc8                FLASH_IRQHandler
                0x0000000008000dc8                DMA2_Stream4_IRQHandler
                0x0000000008000dc8                USART1_IRQHandler
                0x0000000008000dc8                SPI3_IRQHandler
                0x0000000008000dc8                DMA1_Stream4_IRQHandler
                0x0000000008000dc8                I2C1_ER_IRQHandler
                0x0000000008000dc8                DMA2_Stream6_IRQHandler
                0x0000000008000dc8                DMA1_Stream3_IRQHandler
 *fill*         0x0000000008000dca        0x2 
 .text.HAL_Init
                0x0000000008000dcc       0x44 ./Drivers/STM32F4xx_HAL_Driver/Src/stm32f4xx_hal.o
                0x0000000008000dcc                HAL_Init
 .text.HAL_InitTick
                0x0000000008000e10       0x60 ./Drivers/STM32F4xx_HAL_Driver/Src/stm32f4xx_hal.o
                0x0000000008000e10                HAL_InitTick
 .text.HAL_IncTick
                0x0000000008000e70       0x28 ./Drivers/STM32F4xx_HAL_Driver/Src/stm32f4xx_hal.o
                0x0000000008000e70                HAL_IncTick
 .text.HAL_GetTick
                0x0000000008000e98       0x18 ./Drivers/STM32F4xx_HAL_Driver/Src/stm32f4xx_hal.o
                0x0000000008000e98                HAL_GetTick
 .text.HAL_Delay
                0x0000000008000eb0       0x48 ./Drivers/STM32F4xx_HAL_Driver/Src/stm32f4xx_hal.o
                0x0000000008000eb0                HAL_Delay
 .text.__NVIC_SetPriorityGrouping
                0x0000000008000ef8       0x48 ./Drivers/STM32F4xx_HAL_Driver/Src/stm32f4xx_hal_cortex.o
 .text.__NVIC_GetPriorityGrouping
                0x0000000008000f40       0x1c ./Drivers/STM32F4xx_HAL_Driver/Src/stm32f4xx_hal_cortex.o
 .text.__NVIC_EnableIRQ
                0x0000000008000f5c       0x3c ./Drivers/STM32F4xx_HAL_Driver/Src/stm32f4xx_hal_cortex.o
 .text.__NVIC_SetPriority
                0x0000000008000f98       0x54 ./Drivers/STM32F4xx_HAL_Driver/Src/stm32f4xx_hal_cortex.o
 .text.NVIC_EncodePriority
                0x0000000008000fec       0x66 ./Drivers/STM32F4xx_HAL_Driver/Src/stm32f4xx_hal_cortex.o
 *fill*         0x0000000008001052        0x2 
 .text.SysTick_Config
                0x0000000008001054       0x44 ./Drivers/STM32F4xx_HAL_Driver/Src/stm32f4xx_hal_cortex.o
 .text.HAL_NVIC_SetPriorityGrouping
                0x0000000008001098       0x16 ./Drivers/STM32F4xx_HAL_Driver/Src/stm32f4xx_hal_cortex.o
                0x0000000008001098                HAL_NVIC_SetPriorityGrouping
 .text.HAL_NVIC_SetPriority
                0x00000000080010ae       0x38 ./Drivers/STM32F4xx_HAL_Driver/Src/stm32f4xx_hal_cortex.o
                0x00000000080010ae                HAL_NVIC_SetPriority
 .text.HAL_NVIC_EnableIRQ
                0x00000000080010e6       0x1c ./Drivers/STM32F4xx_HAL_Driver/Src/stm32f4xx_hal_cortex.o
                0x00000000080010e6                HAL_NVIC_EnableIRQ
 .text.HAL_SYSTICK_Config
                0x0000000008001102       0x18 ./Drivers/STM32F4xx_HAL_Driver/Src/stm32f4xx_hal_cortex.o
                0x0000000008001102                HAL_SYSTICK_Config
 *fill*         0x000000000800111a        0x2 
 .text.HAL_GPIO_Init
                0x000000000800111c      0x308 ./Drivers/STM32F4xx_HAL_Driver/Src/stm32f4xx_hal_gpio.o
                0x000000000800111c                HAL_GPIO_Init
 .text.HAL_GPIO_WritePin
                0x0000000008001424       0x32 ./Drivers/STM32F4xx_HAL_Driver/Src/stm32f4xx_hal_gpio.o
                0x0000000008001424                HAL_GPIO_WritePin
 .text.HAL_GPIO_TogglePin
                0x0000000008001456       0x34 ./Drivers/STM32F4xx_HAL_Driver/Src/stm32f4xx_hal_gpio.o
                0x0000000008001456                HAL_GPIO_TogglePin
 .text.HAL_HCD_Init
                0x000000000800148a       0xc4 ./Drivers/STM32F4xx_HAL_Driver/Src/stm32f4xx_hal_hcd.o
                0x000000000800148a                HAL_HCD_Init
 .text.HAL_HCD_HC_Init
                0x000000000800154e      0x11e ./Drivers/STM32F4xx_HAL_Driver/Src/stm32f4xx_hal_hcd.o
                0x000000000800154e                HAL_HCD_HC_Init
 .text.HAL_HCD_HC_Halt
                0x000000000800166c       0x46 ./Drivers/STM32F4xx_HAL_Driver/Src/stm32f4xx_hal_hcd.o
                0x000000000800166c                HAL_HCD_HC_Halt
 *fill*         0x00000000080016b2        0x2 
 .text.HAL_HCD_HC_SubmitRequest
                0x00000000080016b4      0x2ac ./Drivers/STM32F4xx_HAL_Driver/Src/stm32f4xx_hal_hcd.o
                0x00000000080016b4                HAL_HCD_HC_SubmitRequest
 .text.HAL_HCD_IRQHandler
                0x0000000008001960      0x216 ./Drivers/STM32F4xx_HAL_Driver/Src/stm32f4xx_hal_hcd.o
                0x0000000008001960                HAL_HCD_IRQHandler
 .text.HAL_HCD_Start
                0x0000000008001b76       0x46 ./Drivers/STM32F4xx_HAL_Driver/Src/stm32f4xx_hal_hcd.o
                0x0000000008001b76                HAL_HCD_Start
 .text.HAL_HCD_Stop
                0x0000000008001bbc       0x3a ./Drivers/STM32F4xx_HAL_Driver/Src/stm32f4xx_hal_hcd.o
                0x0000000008001bbc                HAL_HCD_Stop
 .text.HAL_HCD_ResetPort
                0x0000000008001bf6       0x1c ./Drivers/STM32F4xx_HAL_Driver/Src/stm32f4xx_hal_hcd.o
                0x0000000008001bf6                HAL_HCD_ResetPort
 .text.HAL_HCD_HC_GetURBState
                0x0000000008001c12       0x28 ./Drivers/STM32F4xx_HAL_Driver/Src/stm32f4xx_hal_hcd.o
                0x0000000008001c12                HAL_HCD_HC_GetURBState
 .text.HAL_HCD_HC_GetXferCount
                0x0000000008001c3a       0x28 ./Drivers/STM32F4xx_HAL_Driver/Src/stm32f4xx_hal_hcd.o
                0x0000000008001c3a                HAL_HCD_HC_GetXferCount
 .text.HAL_HCD_GetCurrentFrame
                0x0000000008001c62       0x1c ./Drivers/STM32F4xx_HAL_Driver/Src/stm32f4xx_hal_hcd.o
                0x0000000008001c62                HAL_HCD_GetCurrentFrame
 .text.HAL_HCD_GetCurrentSpeed
                0x0000000008001c7e       0x1c ./Drivers/STM32F4xx_HAL_Driver/Src/stm32f4xx_hal_hcd.o
                0x0000000008001c7e                HAL_HCD_GetCurrentSpeed
 .text.HCD_HC_IN_IRQHandler
                0x0000000008001c9a      0x6aa ./Drivers/STM32F4xx_HAL_Driver/Src/stm32f4xx_hal_hcd.o
 .text.HCD_HC_OUT_IRQHandler
                0x0000000008002344      0x6d2 ./Drivers/STM32F4xx_HAL_Driver/Src/stm32f4xx_hal_hcd.o
 .text.HCD_RXQLVL_IRQHandler
                0x0000000008002a16      0x1a4 ./Drivers/STM32F4xx_HAL_Driver/Src/stm32f4xx_hal_hcd.o
 .text.HCD_Port_IRQHandler
                0x0000000008002bba       0xe6 ./Drivers/STM32F4xx_HAL_Driver/Src/stm32f4xx_hal_hcd.o
 .text.HAL_I2C_Init
                0x0000000008002ca0      0x288 ./Drivers/STM32F4xx_HAL_Driver/Src/stm32f4xx_hal_i2c.o
                0x0000000008002ca0                HAL_I2C_Init
 .text.HAL_I2S_Init
                0x0000000008002f28      0x280 ./Drivers/STM32F4xx_HAL_Driver/Src/stm32f4xx_hal_i2s.o
                0x0000000008002f28                HAL_I2S_Init
 .text.HAL_I2S_TxCpltCallback
                0x00000000080031a8       0x14 ./Drivers/STM32F4xx_HAL_Driver/Src/stm32f4xx_hal_i2s.o
                0x00000000080031a8                HAL_I2S_TxCpltCallback
 .text.HAL_I2S_RxCpltCallback
                0x00000000080031bc       0x14 ./Drivers/STM32F4xx_HAL_Driver/Src/stm32f4xx_hal_i2s.o
                0x00000000080031bc                HAL_I2S_RxCpltCallback
 .text.HAL_I2S_ErrorCallback
                0x00000000080031d0       0x14 ./Drivers/STM32F4xx_HAL_Driver/Src/stm32f4xx_hal_i2s.o
                0x00000000080031d0                HAL_I2S_ErrorCallback
 .text.I2S_Transmit_IT
                0x00000000080031e4       0x5c ./Drivers/STM32F4xx_HAL_Driver/Src/stm32f4xx_hal_i2s.o
 .text.I2S_Receive_IT
                0x0000000008003240       0x5e ./Drivers/STM32F4xx_HAL_Driver/Src/stm32f4xx_hal_i2s.o
 .text.I2S_IRQHandler
                0x000000000800329e      0x114 ./Drivers/STM32F4xx_HAL_Driver/Src/stm32f4xx_hal_i2s.o
 *fill*         0x00000000080033b2        0x2 
 .text.HAL_I2SEx_FullDuplex_IRQHandler
                0x00000000080033b4      0x2a8 ./Drivers/STM32F4xx_HAL_Driver/Src/stm32f4xx_hal_i2s_ex.o
                0x00000000080033b4                HAL_I2SEx_FullDuplex_IRQHandler
 .text.HAL_I2SEx_TxRxCpltCallback
                0x000000000800365c       0x14 ./Drivers/STM32F4xx_HAL_Driver/Src/stm32f4xx_hal_i2s_ex.o
                0x000000000800365c                HAL_I2SEx_TxRxCpltCallback
 .text.I2SEx_TxISR_I2S
                0x0000000008003670       0x62 ./Drivers/STM32F4xx_HAL_Driver/Src/stm32f4xx_hal_i2s_ex.o
 *fill*         0x00000000080036d2        0x2 
 .text.I2SEx_TxISR_I2SExt
                0x00000000080036d4       0x98 ./Drivers/STM32F4xx_HAL_Driver/Src/stm32f4xx_hal_i2s_ex.o
 .text.I2SEx_RxISR_I2S
                0x000000000800376c       0x64 ./Drivers/STM32F4xx_HAL_Driver/Src/stm32f4xx_hal_i2s_ex.o
 .text.I2SEx_RxISR_I2SExt
                0x00000000080037d0       0x98 ./Drivers/STM32F4xx_HAL_Driver/Src/stm32f4xx_hal_i2s_ex.o
 .text.HAL_RCC_OscConfig
                0x0000000008003868      0x4f0 ./Drivers/STM32F4xx_HAL_Driver/Src/stm32f4xx_hal_rcc.o
                0x0000000008003868                HAL_RCC_OscConfig
 .text.HAL_RCC_ClockConfig
                0x0000000008003d58      0x1cc ./Drivers/STM32F4xx_HAL_Driver/Src/stm32f4xx_hal_rcc.o
                0x0000000008003d58                HAL_RCC_ClockConfig
 .text.HAL_RCC_GetSysClockFreq
                0x0000000008003f24      0x20c ./Drivers/STM32F4xx_HAL_Driver/Src/stm32f4xx_hal_rcc.o
                0x0000000008003f24                HAL_RCC_GetSysClockFreq
 .text.HAL_RCC_GetHCLKFreq
                0x0000000008004130       0x18 ./Drivers/STM32F4xx_HAL_Driver/Src/stm32f4xx_hal_rcc.o
                0x0000000008004130                HAL_RCC_GetHCLKFreq
 .text.HAL_RCC_GetPCLK1Freq
                0x0000000008004148       0x28 ./Drivers/STM32F4xx_HAL_Driver/Src/stm32f4xx_hal_rcc.o
                0x0000000008004148                HAL_RCC_GetPCLK1Freq
 .text.HAL_RCCEx_PeriphCLKConfig
                0x0000000008004170      0x1e0 ./Drivers/STM32F4xx_HAL_Driver/Src/stm32f4xx_hal_rcc_ex.o
                0x0000000008004170                HAL_RCCEx_PeriphCLKConfig
 .text.HAL_RCCEx_GetPeriphCLKFreq
                0x0000000008004350       0xc0 ./Drivers/STM32F4xx_HAL_Driver/Src/stm32f4xx_hal_rcc_ex.o
                0x0000000008004350                HAL_RCCEx_GetPeriphCLKFreq
 .text.HAL_SPI_Init
                0x0000000008004410      0x112 ./Drivers/STM32F4xx_HAL_Driver/Src/stm32f4xx_hal_spi.o
                0x0000000008004410                HAL_SPI_Init
 .text.USB_CoreInit
                0x0000000008004522       0xc2 ./Drivers/STM32F4xx_HAL_Driver/Src/stm32f4xx_ll_usb.o
                0x0000000008004522                USB_CoreInit
 .text.USB_EnableGlobalInt
                0x00000000080045e4       0x22 ./Drivers/STM32F4xx_HAL_Driver/Src/stm32f4xx_ll_usb.o
                0x00000000080045e4                USB_EnableGlobalInt
 .text.USB_DisableGlobalInt
                0x0000000008004606       0x22 ./Drivers/STM32F4xx_HAL_Driver/Src/stm32f4xx_ll_usb.o
                0x0000000008004606                USB_DisableGlobalInt
 .text.USB_SetCurrentMode
                0x0000000008004628       0x98 ./Drivers/STM32F4xx_HAL_Driver/Src/stm32f4xx_ll_usb.o
                0x0000000008004628                USB_SetCurrentMode
 .text.USB_FlushTxFifo
                0x00000000080046c0       0x68 ./Drivers/STM32F4xx_HAL_Driver/Src/stm32f4xx_ll_usb.o
                0x00000000080046c0                USB_FlushTxFifo
 .text.USB_FlushRxFifo
                0x0000000008004728       0x60 ./Drivers/STM32F4xx_HAL_Driver/Src/stm32f4xx_ll_usb.o
                0x0000000008004728                USB_FlushRxFifo
 .text.USB_WritePacket
                0x0000000008004788       0x7c ./Drivers/STM32F4xx_HAL_Driver/Src/stm32f4xx_ll_usb.o
                0x0000000008004788                USB_WritePacket
 .text.USB_ReadPacket
                0x0000000008004804       0xb0 ./Drivers/STM32F4xx_HAL_Driver/Src/stm32f4xx_ll_usb.o
                0x0000000008004804                USB_ReadPacket
 .text.USB_ReadInterrupts
                0x00000000080048b4       0x26 ./Drivers/STM32F4xx_HAL_Driver/Src/stm32f4xx_ll_usb.o
                0x00000000080048b4                USB_ReadInterrupts
 .text.USB_GetMode
                0x00000000080048da       0x1c ./Drivers/STM32F4xx_HAL_Driver/Src/stm32f4xx_ll_usb.o
                0x00000000080048da                USB_GetMode
 *fill*         0x00000000080048f6        0x2 
 .text.USB_CoreReset
                0x00000000080048f8       0x68 ./Drivers/STM32F4xx_HAL_Driver/Src/stm32f4xx_ll_usb.o
 .text.USB_HostInit
                0x0000000008004960      0x180 ./Drivers/STM32F4xx_HAL_Driver/Src/stm32f4xx_ll_usb.o
                0x0000000008004960                USB_HostInit
 .text.USB_InitFSLSPClkSel
                0x0000000008004ae0       0x74 ./Drivers/STM32F4xx_HAL_Driver/Src/stm32f4xx_ll_usb.o
                0x0000000008004ae0                USB_InitFSLSPClkSel
 .text.USB_ResetPort
                0x0000000008004b54       0x54 ./Drivers/STM32F4xx_HAL_Driver/Src/stm32f4xx_ll_usb.o
                0x0000000008004b54                USB_ResetPort
 .text.USB_DriveVbus
                0x0000000008004ba8       0x72 ./Drivers/STM32F4xx_HAL_Driver/Src/stm32f4xx_ll_usb.o
                0x0000000008004ba8                USB_DriveVbus
 .text.USB_GetHostSpeed
                0x0000000008004c1a       0x2e ./Drivers/STM32F4xx_HAL_Driver/Src/stm32f4xx_ll_usb.o
                0x0000000008004c1a                USB_GetHostSpeed
 .text.USB_GetCurrentFrame
                0x0000000008004c48       0x22 ./Drivers/STM32F4xx_HAL_Driver/Src/stm32f4xx_ll_usb.o
                0x0000000008004c48                USB_GetCurrentFrame
 *fill*         0x0000000008004c6a        0x2 
 .text.USB_HC_Init
                0x0000000008004c6c      0x244 ./Drivers/STM32F4xx_HAL_Driver/Src/stm32f4xx_ll_usb.o
                0x0000000008004c6c                USB_HC_Init
 .text.USB_HC_StartXfer
                0x0000000008004eb0      0x284 ./Drivers/STM32F4xx_HAL_Driver/Src/stm32f4xx_ll_usb.o
                0x0000000008004eb0                USB_HC_StartXfer
 .text.USB_HC_ReadInterrupt
                0x0000000008005134       0x22 ./Drivers/STM32F4xx_HAL_Driver/Src/stm32f4xx_ll_usb.o
                0x0000000008005134                USB_HC_ReadInterrupt
 .text.USB_HC_Halt
                0x0000000008005156      0x1f8 ./Drivers/STM32F4xx_HAL_Driver/Src/stm32f4xx_ll_usb.o
                0x0000000008005156                USB_HC_Halt
 *fill*         0x000000000800534e        0x2 
 .text.USB_DoPing
                0x0000000008005350       0x78 ./Drivers/STM32F4xx_HAL_Driver/Src/stm32f4xx_ll_usb.o
                0x0000000008005350                USB_DoPing
 .text.USB_StopHost
                0x00000000080053c8      0x124 ./Drivers/STM32F4xx_HAL_Driver/Src/stm32f4xx_ll_usb.o
                0x00000000080053c8                USB_StopHost
 .text.USBH_CDC_InterfaceInit
                0x00000000080054ec      0x2ac ./Middlewares/ST/STM32_USB_Host_Library/Class/CDC/Src/usbh_cdc.o
 .text.USBH_CDC_InterfaceDeInit
                0x0000000008005798       0xb2 ./Middlewares/ST/STM32_USB_Host_Library/Class/CDC/Src/usbh_cdc.o
 .text.USBH_CDC_ClassRequest
                0x000000000800584a       0x3e ./Middlewares/ST/STM32_USB_Host_Library/Class/CDC/Src/usbh_cdc.o
 .text.USBH_CDC_Process
                0x0000000008005888      0x12c ./Middlewares/ST/STM32_USB_Host_Library/Class/CDC/Src/usbh_cdc.o
 .text.USBH_CDC_SOFProcess
                0x00000000080059b4       0x16 ./Middlewares/ST/STM32_USB_Host_Library/Class/CDC/Src/usbh_cdc.o
 .text.GetLineCoding
                0x00000000080059ca       0x3e ./Middlewares/ST/STM32_USB_Host_Library/Class/CDC/Src/usbh_cdc.o
 .text.SetLineCoding
                0x0000000008005a08       0x3e ./Middlewares/ST/STM32_USB_Host_Library/Class/CDC/Src/usbh_cdc.o
 .text.CDC_ProcessTransmission
                0x0000000008005a46       0xec ./Middlewares/ST/STM32_USB_Host_Library/Class/CDC/Src/usbh_cdc.o
 .text.CDC_ProcessReception
                0x0000000008005b32       0xb6 ./Middlewares/ST/STM32_USB_Host_Library/Class/CDC/Src/usbh_cdc.o
 .text.USBH_CDC_TransmitCallback
                0x0000000008005be8       0x14 ./Middlewares/ST/STM32_USB_Host_Library/Class/CDC/Src/usbh_cdc.o
                0x0000000008005be8                USBH_CDC_TransmitCallback
 .text.USBH_CDC_ReceiveCallback
                0x0000000008005bfc       0x14 ./Middlewares/ST/STM32_USB_Host_Library/Class/CDC/Src/usbh_cdc.o
                0x0000000008005bfc                USBH_CDC_ReceiveCallback
 .text.USBH_CDC_LineCodingChanged
                0x0000000008005c10       0x14 ./Middlewares/ST/STM32_USB_Host_Library/Class/CDC/Src/usbh_cdc.o
                0x0000000008005c10                USBH_CDC_LineCodingChanged
 .text.USBH_Init
                0x0000000008005c24       0x74 ./Middlewares/ST/STM32_USB_Host_Library/Core/Src/usbh_core.o
                0x0000000008005c24                USBH_Init
 .text.DeInitStateMachine
                0x0000000008005c98       0xa8 ./Middlewares/ST/STM32_USB_Host_Library/Core/Src/usbh_core.o
 .text.USBH_RegisterClass
                0x0000000008005d40       0x54 ./Middlewares/ST/STM32_USB_Host_Library/Core/Src/usbh_core.o
                0x0000000008005d40                USBH_RegisterClass
 .text.USBH_SelectInterface
                0x0000000008005d94       0x38 ./Middlewares/ST/STM32_USB_Host_Library/Core/Src/usbh_core.o
                0x0000000008005d94                USBH_SelectInterface
 .text.USBH_FindInterface
                0x0000000008005dcc       0x8c ./Middlewares/ST/STM32_USB_Host_Library/Core/Src/usbh_core.o
                0x0000000008005dcc                USBH_FindInterface
 .text.USBH_Start
                0x0000000008005e58       0x20 ./Middlewares/ST/STM32_USB_Host_Library/Core/Src/usbh_core.o
                0x0000000008005e58                USBH_Start
 .text.USBH_Process
                0x0000000008005e78      0x3d8 ./Middlewares/ST/STM32_USB_Host_Library/Core/Src/usbh_core.o
                0x0000000008005e78                USBH_Process
 .text.USBH_HandleEnum
                0x0000000008006250      0x3c8 ./Middlewares/ST/STM32_USB_Host_Library/Core/Src/usbh_core.o
 .text.USBH_LL_SetTimer
                0x0000000008006618       0x1e ./Middlewares/ST/STM32_USB_Host_Library/Core/Src/usbh_core.o
                0x0000000008006618                USBH_LL_SetTimer
 .text.USBH_LL_IncTimer
                0x0000000008006636       0x24 ./Middlewares/ST/STM32_USB_Host_Library/Core/Src/usbh_core.o
                0x0000000008006636                USBH_LL_IncTimer
 .text.USBH_HandleSof
                0x000000000800665a       0x30 ./Middlewares/ST/STM32_USB_Host_Library/Core/Src/usbh_core.o
 .text.USBH_LL_PortEnabled
                0x000000000800668a       0x1c ./Middlewares/ST/STM32_USB_Host_Library/Core/Src/usbh_core.o
                0x000000000800668a                USBH_LL_PortEnabled
 .text.USBH_LL_PortDisabled
                0x00000000080066a6       0x1c ./Middlewares/ST/STM32_USB_Host_Library/Core/Src/usbh_core.o
                0x00000000080066a6                USBH_LL_PortDisabled
 .text.USBH_LL_Connect
                0x00000000080066c2       0x2e ./Middlewares/ST/STM32_USB_Host_Library/Core/Src/usbh_core.o
                0x00000000080066c2                USBH_LL_Connect
 .text.USBH_LL_Disconnect
                0x00000000080066f0       0x48 ./Middlewares/ST/STM32_USB_Host_Library/Core/Src/usbh_core.o
                0x00000000080066f0                USBH_LL_Disconnect
 .text.USBH_Get_DevDesc
                0x0000000008006738       0x50 ./Middlewares/ST/STM32_USB_Host_Library/Core/Src/usbh_ctlreq.o
                0x0000000008006738                USBH_Get_DevDesc
 .text.USBH_Get_CfgDesc
                0x0000000008006788       0x48 ./Middlewares/ST/STM32_USB_Host_Library/Core/Src/usbh_ctlreq.o
                0x0000000008006788                USBH_Get_CfgDesc
 .text.USBH_Get_StringDesc
                0x00000000080067d0       0x56 ./Middlewares/ST/STM32_USB_Host_Library/Core/Src/usbh_ctlreq.o
                0x00000000080067d0                USBH_Get_StringDesc
 .text.USBH_GetDescriptor
                0x0000000008006826       0x6a ./Middlewares/ST/STM32_USB_Host_Library/Core/Src/usbh_ctlreq.o
                0x0000000008006826                USBH_GetDescriptor
 .text.USBH_SetAddress
                0x0000000008006890       0x48 ./Middlewares/ST/STM32_USB_Host_Library/Core/Src/usbh_ctlreq.o
                0x0000000008006890                USBH_SetAddress
 .text.USBH_SetCfg
                0x00000000080068d8       0x46 ./Middlewares/ST/STM32_USB_Host_Library/Core/Src/usbh_ctlreq.o
                0x00000000080068d8                USBH_SetCfg
 .text.USBH_SetFeature
                0x000000000800691e       0x48 ./Middlewares/ST/STM32_USB_Host_Library/Core/Src/usbh_ctlreq.o
                0x000000000800691e                USBH_SetFeature
 .text.USBH_ClrFeature
                0x0000000008006966       0x48 ./Middlewares/ST/STM32_USB_Host_Library/Core/Src/usbh_ctlreq.o
                0x0000000008006966                USBH_ClrFeature
 .text.USBH_ParseDevDesc
                0x00000000080069ae      0x122 ./Middlewares/ST/STM32_USB_Host_Library/Core/Src/usbh_ctlreq.o
 .text.USBH_ParseCfgDesc
                0x0000000008006ad0      0x1ec ./Middlewares/ST/STM32_USB_Host_Library/Core/Src/usbh_ctlreq.o
 .text.USBH_ParseInterfaceDesc
                0x0000000008006cbc       0x5e ./Middlewares/ST/STM32_USB_Host_Library/Core/Src/usbh_ctlreq.o
 .text.USBH_ParseEPDesc
                0x0000000008006d1a      0x14a ./Middlewares/ST/STM32_USB_Host_Library/Core/Src/usbh_ctlreq.o
 .text.USBH_ParseStringDesc
                0x0000000008006e64       0x66 ./Middlewares/ST/STM32_USB_Host_Library/Core/Src/usbh_ctlreq.o
 .text.USBH_GetNextDesc
                0x0000000008006eca       0x36 ./Middlewares/ST/STM32_USB_Host_Library/Core/Src/usbh_ctlreq.o
                0x0000000008006eca                USBH_GetNextDesc
 .text.USBH_CtlReq
                0x0000000008006f00       0x7a ./Middlewares/ST/STM32_USB_Host_Library/Core/Src/usbh_ctlreq.o
                0x0000000008006f00                USBH_CtlReq
 *fill*         0x0000000008006f7a        0x2 
 .text.USBH_HandleControl
                0x0000000008006f7c      0x2e8 ./Middlewares/ST/STM32_USB_Host_Library/Core/Src/usbh_ctlreq.o
 .text.USBH_CtlSendSetup
                0x0000000008007264       0x34 ./Middlewares/ST/STM32_USB_Host_Library/Core/Src/usbh_ioreq.o
                0x0000000008007264                USBH_CtlSendSetup
 .text.USBH_CtlSendData
                0x0000000008007298       0x4a ./Middlewares/ST/STM32_USB_Host_Library/Core/Src/usbh_ioreq.o
                0x0000000008007298                USBH_CtlSendData
 .text.USBH_CtlReceiveData
                0x00000000080072e2       0x3c ./Middlewares/ST/STM32_USB_Host_Library/Core/Src/usbh_ioreq.o
                0x00000000080072e2                USBH_CtlReceiveData
 .text.USBH_BulkSendData
                0x000000000800731e       0x4a ./Middlewares/ST/STM32_USB_Host_Library/Core/Src/usbh_ioreq.o
                0x000000000800731e                USBH_BulkSendData
 .text.USBH_BulkReceiveData
                0x0000000008007368       0x3c ./Middlewares/ST/STM32_USB_Host_Library/Core/Src/usbh_ioreq.o
                0x0000000008007368                USBH_BulkReceiveData
 .text.USBH_OpenPipe
                0x00000000080073a4       0x3e ./Middlewares/ST/STM32_USB_Host_Library/Core/Src/usbh_pipes.o
                0x00000000080073a4                USBH_OpenPipe
 .text.USBH_ClosePipe
                0x00000000080073e2       0x20 ./Middlewares/ST/STM32_USB_Host_Library/Core/Src/usbh_pipes.o
                0x00000000080073e2                USBH_ClosePipe
 .text.USBH_AllocPipe
                0x0000000008007402       0x42 ./Middlewares/ST/STM32_USB_Host_Library/Core/Src/usbh_pipes.o
                0x0000000008007402                USBH_AllocPipe
 .text.USBH_FreePipe
                0x0000000008007444       0x3c ./Middlewares/ST/STM32_USB_Host_Library/Core/Src/usbh_pipes.o
                0x0000000008007444                USBH_FreePipe
 .text.USBH_GetFreePipe
                0x0000000008007480       0x48 ./Middlewares/ST/STM32_USB_Host_Library/Core/Src/usbh_pipes.o
 .text.MX_USB_HOST_Init
                0x00000000080074c8       0x4c ./USB_HOST/App/usb_host.o
                0x00000000080074c8                MX_USB_HOST_Init
 .text.MX_USB_HOST_Process
                0x0000000008007514       0x14 ./USB_HOST/App/usb_host.o
                0x0000000008007514                MX_USB_HOST_Process
 .text.USBH_UserProcess
                0x0000000008007528       0x5c ./USB_HOST/App/usb_host.o
 .text.HAL_HCD_MspInit
                0x0000000008007584       0xc4 ./USB_HOST/Target/usbh_conf.o
                0x0000000008007584                HAL_HCD_MspInit
 .text.HAL_HCD_SOF_Callback
                0x0000000008007648       0x1c ./USB_HOST/Target/usbh_conf.o
                0x0000000008007648                HAL_HCD_SOF_Callback
 .text.HAL_HCD_Connect_Callback
                0x0000000008007664       0x1c ./USB_HOST/Target/usbh_conf.o
                0x0000000008007664                HAL_HCD_Connect_Callback
 .text.HAL_HCD_Disconnect_Callback
                0x0000000008007680       0x1c ./USB_HOST/Target/usbh_conf.o
                0x0000000008007680                HAL_HCD_Disconnect_Callback
 .text.HAL_HCD_HC_NotifyURBChange_Callback
                0x000000000800769c       0x1c ./USB_HOST/Target/usbh_conf.o
                0x000000000800769c                HAL_HCD_HC_NotifyURBChange_Callback
 .text.HAL_HCD_PortEnabled_Callback
                0x00000000080076b8       0x1c ./USB_HOST/Target/usbh_conf.o
                0x00000000080076b8                HAL_HCD_PortEnabled_Callback
 .text.HAL_HCD_PortDisabled_Callback
                0x00000000080076d4       0x1c ./USB_HOST/Target/usbh_conf.o
                0x00000000080076d4                HAL_HCD_PortDisabled_Callback
 .text.USBH_LL_Init
                0x00000000080076f0       0x78 ./USB_HOST/Target/usbh_conf.o
                0x00000000080076f0                USBH_LL_Init
 .text.USBH_LL_Start
                0x0000000008007768       0x36 ./USB_HOST/Target/usbh_conf.o
                0x0000000008007768                USBH_LL_Start
 .text.USBH_LL_Stop
                0x000000000800779e       0x36 ./USB_HOST/Target/usbh_conf.o
                0x000000000800779e                USBH_LL_Stop
 .text.USBH_LL_GetSpeed
                0x00000000080077d4       0x4e ./USB_HOST/Target/usbh_conf.o
                0x00000000080077d4                USBH_LL_GetSpeed
 .text.USBH_LL_ResetPort
                0x0000000008007822       0x36 ./USB_HOST/Target/usbh_conf.o
                0x0000000008007822                USBH_LL_ResetPort
 .text.USBH_LL_GetLastXferSize
                0x0000000008007858       0x26 ./USB_HOST/Target/usbh_conf.o
                0x0000000008007858                USBH_LL_GetLastXferSize
 .text.USBH_LL_OpenPipe
                0x000000000800787e       0x5e ./USB_HOST/Target/usbh_conf.o
                0x000000000800787e                USBH_LL_OpenPipe
 .text.USBH_LL_ClosePipe
                0x00000000080078dc       0x3e ./USB_HOST/Target/usbh_conf.o
                0x00000000080078dc                USBH_LL_ClosePipe
 .text.USBH_LL_SubmitURB
                0x000000000800791a       0x62 ./USB_HOST/Target/usbh_conf.o
                0x000000000800791a                USBH_LL_SubmitURB
 .text.USBH_LL_GetURBState
                0x000000000800797c       0x26 ./USB_HOST/Target/usbh_conf.o
                0x000000000800797c                USBH_LL_GetURBState
 .text.USBH_LL_DriverVBUS
                0x00000000080079a2       0x2e ./USB_HOST/Target/usbh_conf.o
                0x00000000080079a2                USBH_LL_DriverVBUS
 .text.USBH_LL_SetToggle
                0x00000000080079d0       0x60 ./USB_HOST/Target/usbh_conf.o
                0x00000000080079d0                USBH_LL_SetToggle
 .text.USBH_Delay
                0x0000000008007a30       0x16 ./USB_HOST/Target/usbh_conf.o
                0x0000000008007a30                USBH_Delay
 *fill*         0x0000000008007a46        0x2 
 .text.USBH_Get_USB_Status
                0x0000000008007a48       0x58 ./USB_HOST/Target/usbh_conf.o
                0x0000000008007a48                USBH_Get_USB_Status
 .text.MX_DriverVbusFS
                0x0000000008007aa0       0x38 ./USB_HOST/Target/usbh_platform.o
                0x0000000008007aa0                MX_DriverVbusFS
 .text.__errno  0x0000000008007ad8        0xc c:/st/stm32cubeide_1.12.1/stm32cubeide/plugins/com.st.stm32cube.ide.mcu.externaltools.gnu-tools-for-stm32.10.3-2021.10.win32_1.0.200.202301161003/tools/bin/../lib/gcc/arm-none-eabi/10.3.1/../../../../arm-none-eabi/lib/thumb/v7e-m+fp/hard\libc_nano.a(lib_a-errno.o)
                0x0000000008007ad8                __errno
 .text.__libc_init_array
                0x0000000008007ae4       0x48 c:/st/stm32cubeide_1.12.1/stm32cubeide/plugins/com.st.stm32cube.ide.mcu.externaltools.gnu-tools-for-stm32.10.3-2021.10.win32_1.0.200.202301161003/tools/bin/../lib/gcc/arm-none-eabi/10.3.1/../../../../arm-none-eabi/lib/thumb/v7e-m+fp/hard\libc_nano.a(lib_a-init.o)
                0x0000000008007ae4                __libc_init_array
 .text.malloc   0x0000000008007b2c       0x10 c:/st/stm32cubeide_1.12.1/stm32cubeide/plugins/com.st.stm32cube.ide.mcu.externaltools.gnu-tools-for-stm32.10.3-2021.10.win32_1.0.200.202301161003/tools/bin/../lib/gcc/arm-none-eabi/10.3.1/../../../../arm-none-eabi/lib/thumb/v7e-m+fp/hard\libc_nano.a(lib_a-malloc.o)
                0x0000000008007b2c                malloc
 .text.free     0x0000000008007b3c       0x10 c:/st/stm32cubeide_1.12.1/stm32cubeide/plugins/com.st.stm32cube.ide.mcu.externaltools.gnu-tools-for-stm32.10.3-2021.10.win32_1.0.200.202301161003/tools/bin/../lib/gcc/arm-none-eabi/10.3.1/../../../../arm-none-eabi/lib/thumb/v7e-m+fp/hard\libc_nano.a(lib_a-malloc.o)
                0x0000000008007b3c                free
 .text.memset   0x0000000008007b4c       0x10 c:/st/stm32cubeide_1.12.1/stm32cubeide/plugins/com.st.stm32cube.ide.mcu.externaltools.gnu-tools-for-stm32.10.3-2021.10.win32_1.0.200.202301161003/tools/bin/../lib/gcc/arm-none-eabi/10.3.1/../../../../arm-none-eabi/lib/thumb/v7e-m+fp/hard\libc_nano.a(lib_a-memset.o)
                0x0000000008007b4c                memset
 .text._free_r  0x0000000008007b5c       0x98 c:/st/stm32cubeide_1.12.1/stm32cubeide/plugins/com.st.stm32cube.ide.mcu.externaltools.gnu-tools-for-stm32.10.3-2021.10.win32_1.0.200.202301161003/tools/bin/../lib/gcc/arm-none-eabi/10.3.1/../../../../arm-none-eabi/lib/thumb/v7e-m+fp/hard\libc_nano.a(lib_a-nano-freer.o)
                0x0000000008007b5c                _free_r
 .text.sbrk_aligned
                0x0000000008007bf4       0x40 c:/st/stm32cubeide_1.12.1/stm32cubeide/plugins/com.st.stm32cube.ide.mcu.externaltools.gnu-tools-for-stm32.10.3-2021.10.win32_1.0.200.202301161003/tools/bin/../lib/gcc/arm-none-eabi/10.3.1/../../../../arm-none-eabi/lib/thumb/v7e-m+fp/hard\libc_nano.a(lib_a-nano-mallocr.o)
 .text._malloc_r
                0x0000000008007c34       0xe8 c:/st/stm32cubeide_1.12.1/stm32cubeide/plugins/com.st.stm32cube.ide.mcu.externaltools.gnu-tools-for-stm32.10.3-2021.10.win32_1.0.200.202301161003/tools/bin/../lib/gcc/arm-none-eabi/10.3.1/../../../../arm-none-eabi/lib/thumb/v7e-m+fp/hard\libc_nano.a(lib_a-nano-mallocr.o)
                0x0000000008007c34                _malloc_r
 .text._sbrk_r  0x0000000008007d1c       0x20 c:/st/stm32cubeide_1.12.1/stm32cubeide/plugins/com.st.stm32cube.ide.mcu.externaltools.gnu-tools-for-stm32.10.3-2021.10.win32_1.0.200.202301161003/tools/bin/../lib/gcc/arm-none-eabi/10.3.1/../../../../arm-none-eabi/lib/thumb/v7e-m+fp/hard\libc_nano.a(lib_a-sbrkr.o)
                0x0000000008007d1c                _sbrk_r
 .text.__malloc_lock
                0x0000000008007d3c        0xc c:/st/stm32cubeide_1.12.1/stm32cubeide/plugins/com.st.stm32cube.ide.mcu.externaltools.gnu-tools-for-stm32.10.3-2021.10.win32_1.0.200.202301161003/tools/bin/../lib/gcc/arm-none-eabi/10.3.1/../../../../arm-none-eabi/lib/thumb/v7e-m+fp/hard\libc_nano.a(lib_a-mlock.o)
                0x0000000008007d3c                __malloc_lock
 .text.__malloc_unlock
                0x0000000008007d48        0xc c:/st/stm32cubeide_1.12.1/stm32cubeide/plugins/com.st.stm32cube.ide.mcu.externaltools.gnu-tools-for-stm32.10.3-2021.10.win32_1.0.200.202301161003/tools/bin/../lib/gcc/arm-none-eabi/10.3.1/../../../../arm-none-eabi/lib/thumb/v7e-m+fp/hard\libc_nano.a(lib_a-mlock.o)
                0x0000000008007d48                __malloc_unlock
 .text.__retarget_lock_acquire_recursive
                0x0000000008007d54        0x2 c:/st/stm32cubeide_1.12.1/stm32cubeide/plugins/com.st.stm32cube.ide.mcu.externaltools.gnu-tools-for-stm32.10.3-2021.10.win32_1.0.200.202301161003/tools/bin/../lib/gcc/arm-none-eabi/10.3.1/../../../../arm-none-eabi/lib/thumb/v7e-m+fp/hard\libc_nano.a(lib_a-lock.o)
                0x0000000008007d54                __retarget_lock_acquire_recursive
 .text.__retarget_lock_release_recursive
                0x0000000008007d56        0x2 c:/st/stm32cubeide_1.12.1/stm32cubeide/plugins/com.st.stm32cube.ide.mcu.externaltools.gnu-tools-for-stm32.10.3-2021.10.win32_1.0.200.202301161003/tools/bin/../lib/gcc/arm-none-eabi/10.3.1/../../../../arm-none-eabi/lib/thumb/v7e-m+fp/hard\libc_nano.a(lib_a-lock.o)
                0x0000000008007d56                __retarget_lock_release_recursive
 *(.glue_7)
 .glue_7        0x0000000008007d58        0x0 linker stubs
 *(.glue_7t)
 .glue_7t       0x0000000008007d58        0x0 linker stubs
 *(.eh_frame)
 .eh_frame      0x0000000008007d58        0x0 c:/st/stm32cubeide_1.12.1/stm32cubeide/plugins/com.st.stm32cube.ide.mcu.externaltools.gnu-tools-for-stm32.10.3-2021.10.win32_1.0.200.202301161003/tools/bin/../lib/gcc/arm-none-eabi/10.3.1/thumb/v7e-m+fp/hard/crtbegin.o
 *(.init)
 .init          0x0000000008007d58        0x4 c:/st/stm32cubeide_1.12.1/stm32cubeide/plugins/com.st.stm32cube.ide.mcu.externaltools.gnu-tools-for-stm32.10.3-2021.10.win32_1.0.200.202301161003/tools/bin/../lib/gcc/arm-none-eabi/10.3.1/thumb/v7e-m+fp/hard/crti.o
                0x0000000008007d58                _init
 .init          0x0000000008007d5c        0x8 c:/st/stm32cubeide_1.12.1/stm32cubeide/plugins/com.st.stm32cube.ide.mcu.externaltools.gnu-tools-for-stm32.10.3-2021.10.win32_1.0.200.202301161003/tools/bin/../lib/gcc/arm-none-eabi/10.3.1/thumb/v7e-m+fp/hard/crtn.o
 *(.fini)
 .fini          0x0000000008007d64        0x4 c:/st/stm32cubeide_1.12.1/stm32cubeide/plugins/com.st.stm32cube.ide.mcu.externaltools.gnu-tools-for-stm32.10.3-2021.10.win32_1.0.200.202301161003/tools/bin/../lib/gcc/arm-none-eabi/10.3.1/thumb/v7e-m+fp/hard/crti.o
                0x0000000008007d64                _fini
 .fini          0x0000000008007d68        0x8 c:/st/stm32cubeide_1.12.1/stm32cubeide/plugins/com.st.stm32cube.ide.mcu.externaltools.gnu-tools-for-stm32.10.3-2021.10.win32_1.0.200.202301161003/tools/bin/../lib/gcc/arm-none-eabi/10.3.1/thumb/v7e-m+fp/hard/crtn.o
                0x0000000008007d70                . = ALIGN (0x4)
                0x0000000008007d70                _etext = .

.vfp11_veneer   0x0000000008007d70        0x0
 .vfp11_veneer  0x0000000008007d70        0x0 linker stubs

.v4_bx          0x0000000008007d70        0x0
 .v4_bx         0x0000000008007d70        0x0 linker stubs

.iplt           0x0000000008007d70        0x0
 .iplt          0x0000000008007d70        0x0 c:/st/stm32cubeide_1.12.1/stm32cubeide/plugins/com.st.stm32cube.ide.mcu.externaltools.gnu-tools-for-stm32.10.3-2021.10.win32_1.0.200.202301161003/tools/bin/../lib/gcc/arm-none-eabi/10.3.1/thumb/v7e-m+fp/hard/crtbegin.o

.rodata         0x0000000008007d70       0x1c
                0x0000000008007d70                . = ALIGN (0x4)
 *(.rodata)
 .rodata        0x0000000008007d70        0x4 ./Middlewares/ST/STM32_USB_Host_Library/Class/CDC/Src/usbh_cdc.o
 *(.rodata*)
 .rodata.AHBPrescTable
                0x0000000008007d74       0x10 ./Core/Src/system_stm32f4xx.o
                0x0000000008007d74                AHBPrescTable
 .rodata.APBPrescTable
                0x0000000008007d84        0x8 ./Core/Src/system_stm32f4xx.o
                0x0000000008007d84                APBPrescTable
                0x0000000008007d8c                . = ALIGN (0x4)

.ARM.extab      0x0000000008007d8c        0x0
                0x0000000008007d8c                . = ALIGN (0x4)
 *(.ARM.extab* .gnu.linkonce.armextab.*)
                0x0000000008007d8c                . = ALIGN (0x4)

.ARM            0x0000000008007d8c        0x8
                0x0000000008007d8c                . = ALIGN (0x4)
                0x0000000008007d8c                __exidx_start = .
 *(.ARM.exidx*)
 .ARM.exidx     0x0000000008007d8c        0x8 c:/st/stm32cubeide_1.12.1/stm32cubeide/plugins/com.st.stm32cube.ide.mcu.externaltools.gnu-tools-for-stm32.10.3-2021.10.win32_1.0.200.202301161003/tools/bin/../lib/gcc/arm-none-eabi/10.3.1/thumb/v7e-m+fp/hard\libgcc.a(_udivmoddi4.o)
                0x0000000008007d94                __exidx_end = .
                0x0000000008007d94                . = ALIGN (0x4)

.rel.dyn        0x0000000008007d94        0x0
 .rel.iplt      0x0000000008007d94        0x0 c:/st/stm32cubeide_1.12.1/stm32cubeide/plugins/com.st.stm32cube.ide.mcu.externaltools.gnu-tools-for-stm32.10.3-2021.10.win32_1.0.200.202301161003/tools/bin/../lib/gcc/arm-none-eabi/10.3.1/thumb/v7e-m+fp/hard/crtbegin.o

.preinit_array  0x0000000008007d94        0x0
                0x0000000008007d94                . = ALIGN (0x4)
                0x0000000008007d94                PROVIDE (__preinit_array_start = .)
 *(.preinit_array*)
                0x0000000008007d94                PROVIDE (__preinit_array_end = .)
                0x0000000008007d94                . = ALIGN (0x4)

.init_array     0x0000000008007d94        0x4
                0x0000000008007d94                . = ALIGN (0x4)
                0x0000000008007d94                PROVIDE (__init_array_start = .)
 *(SORT_BY_NAME(.init_array.*))
 *(.init_array*)
 .init_array    0x0000000008007d94        0x4 c:/st/stm32cubeide_1.12.1/stm32cubeide/plugins/com.st.stm32cube.ide.mcu.externaltools.gnu-tools-for-stm32.10.3-2021.10.win32_1.0.200.202301161003/tools/bin/../lib/gcc/arm-none-eabi/10.3.1/thumb/v7e-m+fp/hard/crtbegin.o
                0x0000000008007d98                PROVIDE (__init_array_end = .)
                0x0000000008007d98                . = ALIGN (0x4)

.fini_array     0x0000000008007d98        0x4
                0x0000000008007d98                . = ALIGN (0x4)
                [!provide]                        PROVIDE (__fini_array_start = .)
 *(SORT_BY_NAME(.fini_array.*))
 *(.fini_array*)
 .fini_array    0x0000000008007d98        0x4 c:/st/stm32cubeide_1.12.1/stm32cubeide/plugins/com.st.stm32cube.ide.mcu.externaltools.gnu-tools-for-stm32.10.3-2021.10.win32_1.0.200.202301161003/tools/bin/../lib/gcc/arm-none-eabi/10.3.1/thumb/v7e-m+fp/hard/crtbegin.o
                [!provide]                        PROVIDE (__fini_array_end = .)
                0x0000000008007d9c                . = ALIGN (0x4)
                0x0000000008007d9c                _sidata = LOADADDR (.data)

.data           0x0000000020000000       0x90 load address 0x0000000008007d9c
                0x0000000020000000                . = ALIGN (0x4)
                0x0000000020000000                _sdata = .
 *(.data)
 *(.data*)
 .data.SystemCoreClock
                0x0000000020000000        0x4 ./Core/Src/system_stm32f4xx.o
                0x0000000020000000                SystemCoreClock
 .data.uwTickPrio
                0x0000000020000004        0x4 ./Drivers/STM32F4xx_HAL_Driver/Src/stm32f4xx_hal.o
                0x0000000020000004                uwTickPrio
 .data.uwTickFreq
                0x0000000020000008        0x1 ./Drivers/STM32F4xx_HAL_Driver/Src/stm32f4xx_hal.o
                0x0000000020000008                uwTickFreq
 *fill*         0x0000000020000009        0x3 
 .data.CDC_Class
                0x000000002000000c       0x20 ./Middlewares/ST/STM32_USB_Host_Library/Class/CDC/Src/usbh_cdc.o
                0x000000002000000c                CDC_Class
 .data._impure_ptr
                0x000000002000002c        0x4 c:/st/stm32cubeide_1.12.1/stm32cubeide/plugins/com.st.stm32cube.ide.mcu.externaltools.gnu-tools-for-stm32.10.3-2021.10.win32_1.0.200.202301161003/tools/bin/../lib/gcc/arm-none-eabi/10.3.1/../../../../arm-none-eabi/lib/thumb/v7e-m+fp/hard\libc_nano.a(lib_a-impure.o)
                0x000000002000002c                _impure_ptr
 .data.impure_data
                0x0000000020000030       0x60 c:/st/stm32cubeide_1.12.1/stm32cubeide/plugins/com.st.stm32cube.ide.mcu.externaltools.gnu-tools-for-stm32.10.3-2021.10.win32_1.0.200.202301161003/tools/bin/../lib/gcc/arm-none-eabi/10.3.1/../../../../arm-none-eabi/lib/thumb/v7e-m+fp/hard\libc_nano.a(lib_a-impure.o)
 *(.RamFunc)
 *(.RamFunc*)
                0x0000000020000090                . = ALIGN (0x4)
                0x0000000020000090                _edata = .

.igot.plt       0x0000000020000090        0x0 load address 0x0000000008007e2c
 .igot.plt      0x0000000020000090        0x0 c:/st/stm32cubeide_1.12.1/stm32cubeide/plugins/com.st.stm32cube.ide.mcu.externaltools.gnu-tools-for-stm32.10.3-2021.10.win32_1.0.200.202301161003/tools/bin/../lib/gcc/arm-none-eabi/10.3.1/thumb/v7e-m+fp/hard/crtbegin.o
                0x0000000020000090                . = ALIGN (0x4)

.bss            0x0000000020000090      0x850 load address 0x0000000008007e2c
                0x0000000020000090                _sbss = .
                0x0000000020000090                __bss_start__ = _sbss
 *(.bss)
 .bss           0x0000000020000090       0x1c c:/st/stm32cubeide_1.12.1/stm32cubeide/plugins/com.st.stm32cube.ide.mcu.externaltools.gnu-tools-for-stm32.10.3-2021.10.win32_1.0.200.202301161003/tools/bin/../lib/gcc/arm-none-eabi/10.3.1/thumb/v7e-m+fp/hard/crtbegin.o
 *(.bss*)
 .bss.hi2c1     0x00000000200000ac       0x54 ./Core/Src/main.o
                0x00000000200000ac                hi2c1
 .bss.hi2s2     0x0000000020000100       0x48 ./Core/Src/main.o
                0x0000000020000100                hi2s2
 .bss.hi2s3     0x0000000020000148       0x48 ./Core/Src/main.o
                0x0000000020000148                hi2s3
 .bss.hspi1     0x0000000020000190       0x58 ./Core/Src/main.o
                0x0000000020000190                hspi1
 .bss.__sbrk_heap_end
                0x00000000200001e8        0x4 ./Core/Src/sysmem.o
 .bss.uwTick    0x00000000200001ec        0x4 ./Drivers/STM32F4xx_HAL_Driver/Src/stm32f4xx_hal.o
                0x00000000200001ec                uwTick
 .bss.hUsbHostFS
                0x00000000200001f0      0x3d8 ./USB_HOST/App/usb_host.o
                0x00000000200001f0                hUsbHostFS
 .bss.Appli_state
                0x00000000200005c8        0x1 ./USB_HOST/App/usb_host.o
                0x00000000200005c8                Appli_state
 *fill*         0x00000000200005c9        0x3 
 .bss.hhcd_USB_OTG_FS
                0x00000000200005cc      0x304 ./USB_HOST/Target/usbh_conf.o
                0x00000000200005cc                hhcd_USB_OTG_FS
 .bss.__malloc_free_list
                0x00000000200008d0        0x4 c:/st/stm32cubeide_1.12.1/stm32cubeide/plugins/com.st.stm32cube.ide.mcu.externaltools.gnu-tools-for-stm32.10.3-2021.10.win32_1.0.200.202301161003/tools/bin/../lib/gcc/arm-none-eabi/10.3.1/../../../../arm-none-eabi/lib/thumb/v7e-m+fp/hard\libc_nano.a(lib_a-nano-mallocr.o)
                0x00000000200008d0                __malloc_free_list
 .bss.__malloc_sbrk_start
                0x00000000200008d4        0x4 c:/st/stm32cubeide_1.12.1/stm32cubeide/plugins/com.st.stm32cube.ide.mcu.externaltools.gnu-tools-for-stm32.10.3-2021.10.win32_1.0.200.202301161003/tools/bin/../lib/gcc/arm-none-eabi/10.3.1/../../../../arm-none-eabi/lib/thumb/v7e-m+fp/hard\libc_nano.a(lib_a-nano-mallocr.o)
                0x00000000200008d4                __malloc_sbrk_start
 .bss.errno     0x00000000200008d8        0x4 c:/st/stm32cubeide_1.12.1/stm32cubeide/plugins/com.st.stm32cube.ide.mcu.externaltools.gnu-tools-for-stm32.10.3-2021.10.win32_1.0.200.202301161003/tools/bin/../lib/gcc/arm-none-eabi/10.3.1/../../../../arm-none-eabi/lib/thumb/v7e-m+fp/hard\libc_nano.a(lib_a-reent.o)
                0x00000000200008d8                errno
 .bss.__lock___malloc_recursive_mutex
                0x00000000200008dc        0x1 c:/st/stm32cubeide_1.12.1/stm32cubeide/plugins/com.st.stm32cube.ide.mcu.externaltools.gnu-tools-for-stm32.10.3-2021.10.win32_1.0.200.202301161003/tools/bin/../lib/gcc/arm-none-eabi/10.3.1/../../../../arm-none-eabi/lib/thumb/v7e-m+fp/hard\libc_nano.a(lib_a-lock.o)
                0x00000000200008dc                __lock___malloc_recursive_mutex
 *(COMMON)
                0x00000000200008e0                . = ALIGN (0x4)
 *fill*         0x00000000200008dd        0x3 
                0x00000000200008e0                _ebss = .
                0x00000000200008e0                __bss_end__ = _ebss

._user_heap_stack
                0x00000000200008e0      0x600 load address 0x0000000008007e2c
                0x00000000200008e0                . = ALIGN (0x8)
                [!provide]                        PROVIDE (end = .)
                0x00000000200008e0                PROVIDE (_end = .)
                0x0000000020000ae0                . = (. + _Min_Heap_Size)
 *fill*         0x00000000200008e0      0x200 
                0x0000000020000ee0                . = (. + _Min_Stack_Size)
 *fill*         0x0000000020000ae0      0x400 
                0x0000000020000ee0                . = ALIGN (0x8)

/DISCARD/
 libc.a(*)
 libm.a(*)
 libgcc.a(*)

.ARM.attributes
                0x0000000000000000       0x30
 *(.ARM.attributes)
 .ARM.attributes
                0x0000000000000000       0x1e c:/st/stm32cubeide_1.12.1/stm32cubeide/plugins/com.st.stm32cube.ide.mcu.externaltools.gnu-tools-for-stm32.10.3-2021.10.win32_1.0.200.202301161003/tools/bin/../lib/gcc/arm-none-eabi/10.3.1/thumb/v7e-m+fp/hard/crti.o
 .ARM.attributes
                0x000000000000001e       0x34 c:/st/stm32cubeide_1.12.1/stm32cubeide/plugins/com.st.stm32cube.ide.mcu.externaltools.gnu-tools-for-stm32.10.3-2021.10.win32_1.0.200.202301161003/tools/bin/../lib/gcc/arm-none-eabi/10.3.1/thumb/v7e-m+fp/hard/crtbegin.o
 .ARM.attributes
                0x0000000000000052       0x34 ./Core/Src/main.o
 .ARM.attributes
                0x0000000000000086       0x34 ./Core/Src/stm32f4xx_hal_msp.o
 .ARM.attributes
                0x00000000000000ba       0x34 ./Core/Src/stm32f4xx_it.o
 .ARM.attributes
                0x00000000000000ee       0x34 ./Core/Src/sysmem.o
 .ARM.attributes
                0x0000000000000122       0x34 ./Core/Src/system_stm32f4xx.o
 .ARM.attributes
                0x0000000000000156       0x21 ./Core/Startup/startup_stm32f411vetx.o
 .ARM.attributes
                0x0000000000000177       0x34 ./Drivers/STM32F4xx_HAL_Driver/Src/stm32f4xx_hal.o
 .ARM.attributes
                0x00000000000001ab       0x34 ./Drivers/STM32F4xx_HAL_Driver/Src/stm32f4xx_hal_cortex.o
 .ARM.attributes
                0x00000000000001df       0x34 ./Drivers/STM32F4xx_HAL_Driver/Src/stm32f4xx_hal_gpio.o
 .ARM.attributes
                0x0000000000000213       0x34 ./Drivers/STM32F4xx_HAL_Driver/Src/stm32f4xx_hal_hcd.o
 .ARM.attributes
                0x0000000000000247       0x34 ./Drivers/STM32F4xx_HAL_Driver/Src/stm32f4xx_hal_i2c.o
 .ARM.attributes
                0x000000000000027b       0x34 ./Drivers/STM32F4xx_HAL_Driver/Src/stm32f4xx_hal_i2s.o
 .ARM.attributes
                0x00000000000002af       0x34 ./Drivers/STM32F4xx_HAL_Driver/Src/stm32f4xx_hal_i2s_ex.o
 .ARM.attributes
                0x00000000000002e3       0x34 ./Drivers/STM32F4xx_HAL_Driver/Src/stm32f4xx_hal_rcc.o
 .ARM.attributes
                0x0000000000000317       0x34 ./Drivers/STM32F4xx_HAL_Driver/Src/stm32f4xx_hal_rcc_ex.o
 .ARM.attributes
                0x000000000000034b       0x34 ./Drivers/STM32F4xx_HAL_Driver/Src/stm32f4xx_hal_spi.o
 .ARM.attributes
                0x000000000000037f       0x34 ./Drivers/STM32F4xx_HAL_Driver/Src/stm32f4xx_ll_usb.o
 .ARM.attributes
                0x00000000000003b3       0x34 ./Middlewares/ST/STM32_USB_Host_Library/Class/CDC/Src/usbh_cdc.o
 .ARM.attributes
                0x00000000000003e7       0x34 ./Middlewares/ST/STM32_USB_Host_Library/Core/Src/usbh_core.o
 .ARM.attributes
                0x000000000000041b       0x34 ./Middlewares/ST/STM32_USB_Host_Library/Core/Src/usbh_ctlreq.o
 .ARM.attributes
                0x000000000000044f       0x34 ./Middlewares/ST/STM32_USB_Host_Library/Core/Src/usbh_ioreq.o
 .ARM.attributes
                0x0000000000000483       0x34 ./Middlewares/ST/STM32_USB_Host_Library/Core/Src/usbh_pipes.o
 .ARM.attributes
                0x00000000000004b7       0x34 ./USB_HOST/App/usb_host.o
 .ARM.attributes
                0x00000000000004eb       0x34 ./USB_HOST/Target/usbh_conf.o
 .ARM.attributes
                0x000000000000051f       0x34 ./USB_HOST/Target/usbh_platform.o
 .ARM.attributes
                0x0000000000000553       0x34 c:/st/stm32cubeide_1.12.1/stm32cubeide/plugins/com.st.stm32cube.ide.mcu.externaltools.gnu-tools-for-stm32.10.3-2021.10.win32_1.0.200.202301161003/tools/bin/../lib/gcc/arm-none-eabi/10.3.1/../../../../arm-none-eabi/lib/thumb/v7e-m+fp/hard\libc_nano.a(lib_a-errno.o)
 .ARM.attributes
                0x0000000000000587       0x34 c:/st/stm32cubeide_1.12.1/stm32cubeide/plugins/com.st.stm32cube.ide.mcu.externaltools.gnu-tools-for-stm32.10.3-2021.10.win32_1.0.200.202301161003/tools/bin/../lib/gcc/arm-none-eabi/10.3.1/../../../../arm-none-eabi/lib/thumb/v7e-m+fp/hard\libc_nano.a(lib_a-impure.o)
 .ARM.attributes
                0x00000000000005bb       0x34 c:/st/stm32cubeide_1.12.1/stm32cubeide/plugins/com.st.stm32cube.ide.mcu.externaltools.gnu-tools-for-stm32.10.3-2021.10.win32_1.0.200.202301161003/tools/bin/../lib/gcc/arm-none-eabi/10.3.1/../../../../arm-none-eabi/lib/thumb/v7e-m+fp/hard\libc_nano.a(lib_a-init.o)
 .ARM.attributes
                0x00000000000005ef       0x34 c:/st/stm32cubeide_1.12.1/stm32cubeide/plugins/com.st.stm32cube.ide.mcu.externaltools.gnu-tools-for-stm32.10.3-2021.10.win32_1.0.200.202301161003/tools/bin/../lib/gcc/arm-none-eabi/10.3.1/../../../../arm-none-eabi/lib/thumb/v7e-m+fp/hard\libc_nano.a(lib_a-malloc.o)
 .ARM.attributes
                0x0000000000000623       0x34 c:/st/stm32cubeide_1.12.1/stm32cubeide/plugins/com.st.stm32cube.ide.mcu.externaltools.gnu-tools-for-stm32.10.3-2021.10.win32_1.0.200.202301161003/tools/bin/../lib/gcc/arm-none-eabi/10.3.1/../../../../arm-none-eabi/lib/thumb/v7e-m+fp/hard\libc_nano.a(lib_a-memset.o)
 .ARM.attributes
                0x0000000000000657       0x34 c:/st/stm32cubeide_1.12.1/stm32cubeide/plugins/com.st.stm32cube.ide.mcu.externaltools.gnu-tools-for-stm32.10.3-2021.10.win32_1.0.200.202301161003/tools/bin/../lib/gcc/arm-none-eabi/10.3.1/../../../../arm-none-eabi/lib/thumb/v7e-m+fp/hard\libc_nano.a(lib_a-nano-freer.o)
 .ARM.attributes
                0x000000000000068b       0x34 c:/st/stm32cubeide_1.12.1/stm32cubeide/plugins/com.st.stm32cube.ide.mcu.externaltools.gnu-tools-for-stm32.10.3-2021.10.win32_1.0.200.202301161003/tools/bin/../lib/gcc/arm-none-eabi/10.3.1/../../../../arm-none-eabi/lib/thumb/v7e-m+fp/hard\libc_nano.a(lib_a-nano-mallocr.o)
 .ARM.attributes
                0x00000000000006bf       0x34 c:/st/stm32cubeide_1.12.1/stm32cubeide/plugins/com.st.stm32cube.ide.mcu.externaltools.gnu-tools-for-stm32.10.3-2021.10.win32_1.0.200.202301161003/tools/bin/../lib/gcc/arm-none-eabi/10.3.1/../../../../arm-none-eabi/lib/thumb/v7e-m+fp/hard\libc_nano.a(lib_a-sbrkr.o)
 .ARM.attributes
                0x00000000000006f3       0x34 c:/st/stm32cubeide_1.12.1/stm32cubeide/plugins/com.st.stm32cube.ide.mcu.externaltools.gnu-tools-for-stm32.10.3-2021.10.win32_1.0.200.202301161003/tools/bin/../lib/gcc/arm-none-eabi/10.3.1/../../../../arm-none-eabi/lib/thumb/v7e-m+fp/hard\libc_nano.a(lib_a-mlock.o)
 .ARM.attributes
                0x0000000000000727       0x34 c:/st/stm32cubeide_1.12.1/stm32cubeide/plugins/com.st.stm32cube.ide.mcu.externaltools.gnu-tools-for-stm32.10.3-2021.10.win32_1.0.200.202301161003/tools/bin/../lib/gcc/arm-none-eabi/10.3.1/../../../../arm-none-eabi/lib/thumb/v7e-m+fp/hard\libc_nano.a(lib_a-reent.o)
 .ARM.attributes
                0x000000000000075b       0x34 c:/st/stm32cubeide_1.12.1/stm32cubeide/plugins/com.st.stm32cube.ide.mcu.externaltools.gnu-tools-for-stm32.10.3-2021.10.win32_1.0.200.202301161003/tools/bin/../lib/gcc/arm-none-eabi/10.3.1/../../../../arm-none-eabi/lib/thumb/v7e-m+fp/hard\libc_nano.a(lib_a-lock.o)
 .ARM.attributes
                0x000000000000078f       0x1e c:/st/stm32cubeide_1.12.1/stm32cubeide/plugins/com.st.stm32cube.ide.mcu.externaltools.gnu-tools-for-stm32.10.3-2021.10.win32_1.0.200.202301161003/tools/bin/../lib/gcc/arm-none-eabi/10.3.1/thumb/v7e-m+fp/hard\libgcc.a(_aeabi_uldivmod.o)
 .ARM.attributes
                0x00000000000007ad       0x34 c:/st/stm32cubeide_1.12.1/stm32cubeide/plugins/com.st.stm32cube.ide.mcu.externaltools.gnu-tools-for-stm32.10.3-2021.10.win32_1.0.200.202301161003/tools/bin/../lib/gcc/arm-none-eabi/10.3.1/thumb/v7e-m+fp/hard\libgcc.a(_udivmoddi4.o)
 .ARM.attributes
                0x00000000000007e1       0x1e c:/st/stm32cubeide_1.12.1/stm32cubeide/plugins/com.st.stm32cube.ide.mcu.externaltools.gnu-tools-for-stm32.10.3-2021.10.win32_1.0.200.202301161003/tools/bin/../lib/gcc/arm-none-eabi/10.3.1/thumb/v7e-m+fp/hard\libgcc.a(_dvmd_tls.o)
 .ARM.attributes
                0x00000000000007ff       0x1e c:/st/stm32cubeide_1.12.1/stm32cubeide/plugins/com.st.stm32cube.ide.mcu.externaltools.gnu-tools-for-stm32.10.3-2021.10.win32_1.0.200.202301161003/tools/bin/../lib/gcc/arm-none-eabi/10.3.1/thumb/v7e-m+fp/hard/crtn.o
OUTPUT(Sirius_Test.elf elf32-littlearm)
LOAD linker stubs
LOAD c:/st/stm32cubeide_1.12.1/stm32cubeide/plugins/com.st.stm32cube.ide.mcu.externaltools.gnu-tools-for-stm32.10.3-2021.10.win32_1.0.200.202301161003/tools/bin/../lib/gcc/arm-none-eabi/10.3.1/../../../../arm-none-eabi/lib/thumb/v7e-m+fp/hard\libc.a
LOAD c:/st/stm32cubeide_1.12.1/stm32cubeide/plugins/com.st.stm32cube.ide.mcu.externaltools.gnu-tools-for-stm32.10.3-2021.10.win32_1.0.200.202301161003/tools/bin/../lib/gcc/arm-none-eabi/10.3.1/../../../../arm-none-eabi/lib/thumb/v7e-m+fp/hard\libm.a
LOAD c:/st/stm32cubeide_1.12.1/stm32cubeide/plugins/com.st.stm32cube.ide.mcu.externaltools.gnu-tools-for-stm32.10.3-2021.10.win32_1.0.200.202301161003/tools/bin/../lib/gcc/arm-none-eabi/10.3.1/thumb/v7e-m+fp/hard\libgcc.a

.debug_info     0x0000000000000000    0x1584a
 .debug_info    0x0000000000000000     0x12fc ./Core/Src/main.o
 .debug_info    0x00000000000012fc     0x100a ./Core/Src/stm32f4xx_hal_msp.o
 .debug_info    0x0000000000002306      0x675 ./Core/Src/stm32f4xx_it.o
 .debug_info    0x000000000000297b      0x171 ./Core/Src/sysmem.o
 .debug_info    0x0000000000002aec      0x54f ./Core/Src/system_stm32f4xx.o
 .debug_info    0x000000000000303b       0x22 ./Core/Startup/startup_stm32f411vetx.o
 .debug_info    0x000000000000305d      0x90d ./Drivers/STM32F4xx_HAL_Driver/Src/stm32f4xx_hal.o
 .debug_info    0x000000000000396a      0xd8b ./Drivers/STM32F4xx_HAL_Driver/Src/stm32f4xx_hal_cortex.o
 .debug_info    0x00000000000046f5      0x78e ./Drivers/STM32F4xx_HAL_Driver/Src/stm32f4xx_hal_gpio.o
 .debug_info    0x0000000000004e83     0x10c6 ./Drivers/STM32F4xx_HAL_Driver/Src/stm32f4xx_hal_hcd.o
 .debug_info    0x0000000000005f49     0x260f ./Drivers/STM32F4xx_HAL_Driver/Src/stm32f4xx_hal_i2c.o
 .debug_info    0x0000000000008558      0xeae ./Drivers/STM32F4xx_HAL_Driver/Src/stm32f4xx_hal_i2s.o
 .debug_info    0x0000000000009406      0xb73 ./Drivers/STM32F4xx_HAL_Driver/Src/stm32f4xx_hal_i2s_ex.o
 .debug_info    0x0000000000009f79      0x98d ./Drivers/STM32F4xx_HAL_Driver/Src/stm32f4xx_hal_rcc.o
 .debug_info    0x000000000000a906      0x5d9 ./Drivers/STM32F4xx_HAL_Driver/Src/stm32f4xx_hal_rcc_ex.o
 .debug_info    0x000000000000aedf     0x1750 ./Drivers/STM32F4xx_HAL_Driver/Src/stm32f4xx_hal_spi.o
 .debug_info    0x000000000000c62f     0x1a97 ./Drivers/STM32F4xx_HAL_Driver/Src/stm32f4xx_ll_usb.o
 .debug_info    0x000000000000e0c6     0x150d ./Middlewares/ST/STM32_USB_Host_Library/Class/CDC/Src/usbh_cdc.o
 .debug_info    0x000000000000f5d3     0x1065 ./Middlewares/ST/STM32_USB_Host_Library/Core/Src/usbh_core.o
 .debug_info    0x0000000000010638     0x1083 ./Middlewares/ST/STM32_USB_Host_Library/Core/Src/usbh_ctlreq.o
 .debug_info    0x00000000000116bb      0xcf6 ./Middlewares/ST/STM32_USB_Host_Library/Core/Src/usbh_ioreq.o
 .debug_info    0x00000000000123b1      0xb34 ./Middlewares/ST/STM32_USB_Host_Library/Core/Src/usbh_pipes.o
 .debug_info    0x0000000000012ee5      0xab3 ./USB_HOST/App/usb_host.o
 .debug_info    0x0000000000013998     0x1cc9 ./USB_HOST/Target/usbh_conf.o
 .debug_info    0x0000000000015661      0x1e9 ./USB_HOST/Target/usbh_platform.o

.debug_abbrev   0x0000000000000000     0x3727
 .debug_abbrev  0x0000000000000000      0x270 ./Core/Src/main.o
 .debug_abbrev  0x0000000000000270      0x1e7 ./Core/Src/stm32f4xx_hal_msp.o
 .debug_abbrev  0x0000000000000457      0x199 ./Core/Src/stm32f4xx_it.o
 .debug_abbrev  0x00000000000005f0       0xbb ./Core/Src/sysmem.o
 .debug_abbrev  0x00000000000006ab      0x116 ./Core/Src/system_stm32f4xx.o
 .debug_abbrev  0x00000000000007c1       0x12 ./Core/Startup/startup_stm32f411vetx.o
 .debug_abbrev  0x00000000000007d3      0x23e ./Drivers/STM32F4xx_HAL_Driver/Src/stm32f4xx_hal.o
 .debug_abbrev  0x0000000000000a11      0x316 ./Drivers/STM32F4xx_HAL_Driver/Src/stm32f4xx_hal_cortex.o
 .debug_abbrev  0x0000000000000d27      0x1c4 ./Drivers/STM32F4xx_HAL_Driver/Src/stm32f4xx_hal_gpio.o
 .debug_abbrev  0x0000000000000eeb      0x27e ./Drivers/STM32F4xx_HAL_Driver/Src/stm32f4xx_hal_hcd.o
 .debug_abbrev  0x0000000000001169      0x2a8 ./Drivers/STM32F4xx_HAL_Driver/Src/stm32f4xx_hal_i2c.o
 .debug_abbrev  0x0000000000001411      0x258 ./Drivers/STM32F4xx_HAL_Driver/Src/stm32f4xx_hal_i2s.o
 .debug_abbrev  0x0000000000001669      0x289 ./Drivers/STM32F4xx_HAL_Driver/Src/stm32f4xx_hal_i2s_ex.o
 .debug_abbrev  0x00000000000018f2      0x2aa ./Drivers/STM32F4xx_HAL_Driver/Src/stm32f4xx_hal_rcc.o
 .debug_abbrev  0x0000000000001b9c      0x1a8 ./Drivers/STM32F4xx_HAL_Driver/Src/stm32f4xx_hal_rcc_ex.o
 .debug_abbrev  0x0000000000001d44      0x26e ./Drivers/STM32F4xx_HAL_Driver/Src/stm32f4xx_hal_spi.o
 .debug_abbrev  0x0000000000001fb2      0x296 ./Drivers/STM32F4xx_HAL_Driver/Src/stm32f4xx_ll_usb.o
 .debug_abbrev  0x0000000000002248      0x328 ./Middlewares/ST/STM32_USB_Host_Library/Class/CDC/Src/usbh_cdc.o
 .debug_abbrev  0x0000000000002570      0x317 ./Middlewares/ST/STM32_USB_Host_Library/Core/Src/usbh_core.o
 .debug_abbrev  0x0000000000002887      0x2e6 ./Middlewares/ST/STM32_USB_Host_Library/Core/Src/usbh_ctlreq.o
 .debug_abbrev  0x0000000000002b6d      0x232 ./Middlewares/ST/STM32_USB_Host_Library/Core/Src/usbh_ioreq.o
 .debug_abbrev  0x0000000000002d9f      0x270 ./Middlewares/ST/STM32_USB_Host_Library/Core/Src/usbh_pipes.o
 .debug_abbrev  0x000000000000300f      0x25a ./USB_HOST/App/usb_host.o
 .debug_abbrev  0x0000000000003269      0x3ac ./USB_HOST/Target/usbh_conf.o
 .debug_abbrev  0x0000000000003615      0x112 ./USB_HOST/Target/usbh_platform.o

.debug_aranges  0x0000000000000000     0x1128
 .debug_aranges
                0x0000000000000000       0x60 ./Core/Src/main.o
 .debug_aranges
                0x0000000000000060       0x50 ./Core/Src/stm32f4xx_hal_msp.o
 .debug_aranges
                0x00000000000000b0       0x68 ./Core/Src/stm32f4xx_it.o
 .debug_aranges
                0x0000000000000118       0x20 ./Core/Src/sysmem.o
 .debug_aranges
                0x0000000000000138       0x28 ./Core/Src/system_stm32f4xx.o
 .debug_aranges
                0x0000000000000160       0x28 ./Core/Startup/startup_stm32f411vetx.o
 .debug_aranges
                0x0000000000000188       0xf0 ./Drivers/STM32F4xx_HAL_Driver/Src/stm32f4xx_hal.o
 .debug_aranges
                0x0000000000000278      0x118 ./Drivers/STM32F4xx_HAL_Driver/Src/stm32f4xx_hal_cortex.o
 .debug_aranges
                0x0000000000000390       0x58 ./Drivers/STM32F4xx_HAL_Driver/Src/stm32f4xx_hal_gpio.o
 .debug_aranges
                0x00000000000003e8       0xf8 ./Drivers/STM32F4xx_HAL_Driver/Src/stm32f4xx_hal_hcd.o
 .debug_aranges
                0x00000000000004e0      0x2a0 ./Drivers/STM32F4xx_HAL_Driver/Src/stm32f4xx_hal_i2c.o
 .debug_aranges
                0x0000000000000780      0x108 ./Drivers/STM32F4xx_HAL_Driver/Src/stm32f4xx_hal_i2s.o
 .debug_aranges
                0x0000000000000888       0x88 ./Drivers/STM32F4xx_HAL_Driver/Src/stm32f4xx_hal_i2s_ex.o
 .debug_aranges
                0x0000000000000910       0x88 ./Drivers/STM32F4xx_HAL_Driver/Src/stm32f4xx_hal_rcc.o
 .debug_aranges
                0x0000000000000998       0x50 ./Drivers/STM32F4xx_HAL_Driver/Src/stm32f4xx_hal_rcc_ex.o
 .debug_aranges
                0x00000000000009e8      0x1d0 ./Drivers/STM32F4xx_HAL_Driver/Src/stm32f4xx_hal_spi.o
 .debug_aranges
                0x0000000000000bb8      0x1a0 ./Drivers/STM32F4xx_HAL_Driver/Src/stm32f4xx_ll_usb.o
 .debug_aranges
                0x0000000000000d58       0xa8 ./Middlewares/ST/STM32_USB_Host_Library/Class/CDC/Src/usbh_cdc.o
 .debug_aranges
                0x0000000000000e00       0xc0 ./Middlewares/ST/STM32_USB_Host_Library/Core/Src/usbh_core.o
 .debug_aranges
                0x0000000000000ec0       0xa0 ./Middlewares/ST/STM32_USB_Host_Library/Core/Src/usbh_ctlreq.o
 .debug_aranges
                0x0000000000000f60       0x60 ./Middlewares/ST/STM32_USB_Host_Library/Core/Src/usbh_ioreq.o
 .debug_aranges
                0x0000000000000fc0       0x40 ./Middlewares/ST/STM32_USB_Host_Library/Core/Src/usbh_pipes.o
 .debug_aranges
                0x0000000000001000       0x30 ./USB_HOST/App/usb_host.o
 .debug_aranges
                0x0000000000001030       0xd8 ./USB_HOST/Target/usbh_conf.o
 .debug_aranges
                0x0000000000001108       0x20 ./USB_HOST/Target/usbh_platform.o

.debug_ranges   0x0000000000000000      0xfb8
 .debug_ranges  0x0000000000000000       0x50 ./Core/Src/main.o
 .debug_ranges  0x0000000000000050       0x40 ./Core/Src/stm32f4xx_hal_msp.o
 .debug_ranges  0x0000000000000090       0x58 ./Core/Src/stm32f4xx_it.o
 .debug_ranges  0x00000000000000e8       0x10 ./Core/Src/sysmem.o
 .debug_ranges  0x00000000000000f8       0x18 ./Core/Src/system_stm32f4xx.o
 .debug_ranges  0x0000000000000110       0x20 ./Core/Startup/startup_stm32f411vetx.o
 .debug_ranges  0x0000000000000130       0xe0 ./Drivers/STM32F4xx_HAL_Driver/Src/stm32f4xx_hal.o
 .debug_ranges  0x0000000000000210      0x108 ./Drivers/STM32F4xx_HAL_Driver/Src/stm32f4xx_hal_cortex.o
 .debug_ranges  0x0000000000000318       0x48 ./Drivers/STM32F4xx_HAL_Driver/Src/stm32f4xx_hal_gpio.o
 .debug_ranges  0x0000000000000360       0xe8 ./Drivers/STM32F4xx_HAL_Driver/Src/stm32f4xx_hal_hcd.o
 .debug_ranges  0x0000000000000448      0x2a8 ./Drivers/STM32F4xx_HAL_Driver/Src/stm32f4xx_hal_i2c.o
 .debug_ranges  0x00000000000006f0       0xf8 ./Drivers/STM32F4xx_HAL_Driver/Src/stm32f4xx_hal_i2s.o
 .debug_ranges  0x00000000000007e8       0x78 ./Drivers/STM32F4xx_HAL_Driver/Src/stm32f4xx_hal_i2s_ex.o
 .debug_ranges  0x0000000000000860       0x78 ./Drivers/STM32F4xx_HAL_Driver/Src/stm32f4xx_hal_rcc.o
 .debug_ranges  0x00000000000008d8       0x40 ./Drivers/STM32F4xx_HAL_Driver/Src/stm32f4xx_hal_rcc_ex.o
 .debug_ranges  0x0000000000000918      0x1c0 ./Drivers/STM32F4xx_HAL_Driver/Src/stm32f4xx_hal_spi.o
 .debug_ranges  0x0000000000000ad8      0x190 ./Drivers/STM32F4xx_HAL_Driver/Src/stm32f4xx_ll_usb.o
 .debug_ranges  0x0000000000000c68       0x98 ./Middlewares/ST/STM32_USB_Host_Library/Class/CDC/Src/usbh_cdc.o
 .debug_ranges  0x0000000000000d00       0xb0 ./Middlewares/ST/STM32_USB_Host_Library/Core/Src/usbh_core.o
 .debug_ranges  0x0000000000000db0       0x90 ./Middlewares/ST/STM32_USB_Host_Library/Core/Src/usbh_ctlreq.o
 .debug_ranges  0x0000000000000e40       0x50 ./Middlewares/ST/STM32_USB_Host_Library/Core/Src/usbh_ioreq.o
 .debug_ranges  0x0000000000000e90       0x30 ./Middlewares/ST/STM32_USB_Host_Library/Core/Src/usbh_pipes.o
 .debug_ranges  0x0000000000000ec0       0x20 ./USB_HOST/App/usb_host.o
 .debug_ranges  0x0000000000000ee0       0xc8 ./USB_HOST/Target/usbh_conf.o
 .debug_ranges  0x0000000000000fa8       0x10 ./USB_HOST/Target/usbh_platform.o

.debug_macro    0x0000000000000000    0x18c76
 .debug_macro   0x0000000000000000      0x21e ./Core/Src/main.o
 .debug_macro   0x000000000000021e      0xa78 ./Core/Src/main.o
 .debug_macro   0x0000000000000c96      0x2a7 ./Core/Src/main.o
 .debug_macro   0x0000000000000f3d       0x2e ./Core/Src/main.o
 .debug_macro   0x0000000000000f6b       0x28 ./Core/Src/main.o
 .debug_macro   0x0000000000000f93       0x22 ./Core/Src/main.o
 .debug_macro   0x0000000000000fb5       0x8e ./Core/Src/main.o
 .debug_macro   0x0000000000001043       0x51 ./Core/Src/main.o
 .debug_macro   0x0000000000001094      0x103 ./Core/Src/main.o
 .debug_macro   0x0000000000001197       0x6a ./Core/Src/main.o
 .debug_macro   0x0000000000001201      0x1df ./Core/Src/main.o
 .debug_macro   0x00000000000013e0       0x1c ./Core/Src/main.o
 .debug_macro   0x00000000000013fc       0x22 ./Core/Src/main.o
 .debug_macro   0x000000000000141e       0xd9 ./Core/Src/main.o
 .debug_macro   0x00000000000014f7     0x102d ./Core/Src/main.o
 .debug_macro   0x0000000000002524      0x11f ./Core/Src/main.o
 .debug_macro   0x0000000000002643     0xb953 ./Core/Src/main.o
 .debug_macro   0x000000000000df96       0x6d ./Core/Src/main.o
 .debug_macro   0x000000000000e003     0x367e ./Core/Src/main.o
 .debug_macro   0x0000000000011681      0x174 ./Core/Src/main.o
 .debug_macro   0x00000000000117f5       0x5c ./Core/Src/main.o
 .debug_macro   0x0000000000011851      0x447 ./Core/Src/main.o
 .debug_macro   0x0000000000011c98      0x9fe ./Core/Src/main.o
 .debug_macro   0x0000000000012696      0x115 ./Core/Src/main.o
 .debug_macro   0x00000000000127ab      0x11b ./Core/Src/main.o
 .debug_macro   0x00000000000128c6       0xa5 ./Core/Src/main.o
 .debug_macro   0x000000000001296b      0x15f ./Core/Src/main.o
 .debug_macro   0x0000000000012aca      0x287 ./Core/Src/main.o
 .debug_macro   0x0000000000012d51       0x5f ./Core/Src/main.o
 .debug_macro   0x0000000000012db0      0x236 ./Core/Src/main.o
 .debug_macro   0x0000000000012fe6      0x132 ./Core/Src/main.o
 .debug_macro   0x0000000000013118      0x264 ./Core/Src/main.o
 .debug_macro   0x000000000001337c       0x2e ./Core/Src/main.o
 .debug_macro   0x00000000000133aa      0x1b5 ./Core/Src/main.o
 .debug_macro   0x000000000001355f       0x22 ./Core/Src/main.o
 .debug_macro   0x0000000000013581       0xd6 ./Core/Src/main.o
 .debug_macro   0x0000000000013657      0x1a7 ./Core/Src/main.o
 .debug_macro   0x00000000000137fe       0x46 ./Core/Src/main.o
 .debug_macro   0x0000000000013844       0x4a ./Core/Src/main.o
 .debug_macro   0x000000000001388e      0x11a ./Core/Src/main.o
 .debug_macro   0x00000000000139a8       0x85 ./Core/Src/main.o
 .debug_macro   0x0000000000013a2d       0x89 ./Core/Src/main.o
 .debug_macro   0x0000000000013ab6      0x225 ./Core/Src/main.o
 .debug_macro   0x0000000000013cdb      0x248 ./Core/Src/main.o
 .debug_macro   0x0000000000013f23       0x7c ./Core/Src/main.o
 .debug_macro   0x0000000000013f9f      0x126 ./Core/Src/main.o
 .debug_macro   0x00000000000140c5      0x19c ./Core/Src/main.o
 .debug_macro   0x0000000000014261      0x214 ./Core/Src/stm32f4xx_hal_msp.o
 .debug_macro   0x0000000000014475      0x21e ./Core/Src/stm32f4xx_it.o
 .debug_macro   0x0000000000014693       0xff ./Core/Src/sysmem.o
 .debug_macro   0x0000000000014792      0x23b ./Core/Src/sysmem.o
 .debug_macro   0x00000000000149cd      0x205 ./Core/Src/system_stm32f4xx.o
 .debug_macro   0x0000000000014bd2      0x265 ./Drivers/STM32F4xx_HAL_Driver/Src/stm32f4xx_hal.o
 .debug_macro   0x0000000000014e37      0x205 ./Drivers/STM32F4xx_HAL_Driver/Src/stm32f4xx_hal_cortex.o
 .debug_macro   0x000000000001503c      0x20b ./Drivers/STM32F4xx_HAL_Driver/Src/stm32f4xx_hal_gpio.o
 .debug_macro   0x0000000000015247      0x205 ./Drivers/STM32F4xx_HAL_Driver/Src/stm32f4xx_hal_hcd.o
 .debug_macro   0x000000000001544c      0x24c ./Drivers/STM32F4xx_HAL_Driver/Src/stm32f4xx_hal_i2c.o
 .debug_macro   0x0000000000015698      0x20d ./Drivers/STM32F4xx_HAL_Driver/Src/stm32f4xx_hal_i2s.o
 .debug_macro   0x00000000000158a5      0x205 ./Drivers/STM32F4xx_HAL_Driver/Src/stm32f4xx_hal_i2s_ex.o
 .debug_macro   0x0000000000015aaa      0x229 ./Drivers/STM32F4xx_HAL_Driver/Src/stm32f4xx_hal_rcc.o
 .debug_macro   0x0000000000015cd3      0x205 ./Drivers/STM32F4xx_HAL_Driver/Src/stm32f4xx_hal_rcc_ex.o
 .debug_macro   0x0000000000015ed8      0x214 ./Drivers/STM32F4xx_HAL_Driver/Src/stm32f4xx_hal_spi.o
 .debug_macro   0x00000000000160ec      0x205 ./Drivers/STM32F4xx_HAL_Driver/Src/stm32f4xx_ll_usb.o
 .debug_macro   0x00000000000162f1      0x433 ./Middlewares/ST/STM32_USB_Host_Library/Class/CDC/Src/usbh_cdc.o
 .debug_macro   0x0000000000016724       0x16 ./Middlewares/ST/STM32_USB_Host_Library/Class/CDC/Src/usbh_cdc.o
 .debug_macro   0x000000000001673a       0x97 ./Middlewares/ST/STM32_USB_Host_Library/Class/CDC/Src/usbh_cdc.o
 .debug_macro   0x00000000000167d1       0xfd ./Middlewares/ST/STM32_USB_Host_Library/Class/CDC/Src/usbh_cdc.o
 .debug_macro   0x00000000000168ce       0x16 ./Middlewares/ST/STM32_USB_Host_Library/Class/CDC/Src/usbh_cdc.o
 .debug_macro   0x00000000000168e4       0x20 ./Middlewares/ST/STM32_USB_Host_Library/Class/CDC/Src/usbh_cdc.o
 .debug_macro   0x0000000000016904       0x56 ./Middlewares/ST/STM32_USB_Host_Library/Class/CDC/Src/usbh_cdc.o
 .debug_macro   0x000000000001695a       0x73 ./Middlewares/ST/STM32_USB_Host_Library/Class/CDC/Src/usbh_cdc.o
 .debug_macro   0x00000000000169cd      0x233 ./Middlewares/ST/STM32_USB_Host_Library/Class/CDC/Src/usbh_cdc.o
 .debug_macro   0x0000000000016c00       0x2e ./Middlewares/ST/STM32_USB_Host_Library/Class/CDC/Src/usbh_cdc.o
 .debug_macro   0x0000000000016c2e       0x2e ./Middlewares/ST/STM32_USB_Host_Library/Class/CDC/Src/usbh_cdc.o
 .debug_macro   0x0000000000016c5c       0x28 ./Middlewares/ST/STM32_USB_Host_Library/Class/CDC/Src/usbh_cdc.o
 .debug_macro   0x0000000000016c84      0x15c ./Middlewares/ST/STM32_USB_Host_Library/Class/CDC/Src/usbh_cdc.o
 .debug_macro   0x0000000000016de0      0x430 ./Middlewares/ST/STM32_USB_Host_Library/Core/Src/usbh_core.o
 .debug_macro   0x0000000000017210      0x428 ./Middlewares/ST/STM32_USB_Host_Library/Core/Src/usbh_ctlreq.o
 .debug_macro   0x0000000000017638       0x28 ./Middlewares/ST/STM32_USB_Host_Library/Core/Src/usbh_ctlreq.o
 .debug_macro   0x0000000000017660      0x422 ./Middlewares/ST/STM32_USB_Host_Library/Core/Src/usbh_ioreq.o
 .debug_macro   0x0000000000017a82      0x422 ./Middlewares/ST/STM32_USB_Host_Library/Core/Src/usbh_pipes.o
 .debug_macro   0x0000000000017ea4      0x431 ./USB_HOST/App/usb_host.o
 .debug_macro   0x00000000000182d5       0x52 ./USB_HOST/App/usb_host.o
 .debug_macro   0x0000000000018327      0x1a2 ./USB_HOST/App/usb_host.o
 .debug_macro   0x00000000000184c9      0x162 ./USB_HOST/App/usb_host.o
 .debug_macro   0x000000000001862b      0x432 ./USB_HOST/Target/usbh_conf.o
 .debug_macro   0x0000000000018a5d      0x219 ./USB_HOST/Target/usbh_platform.o

.debug_line     0x0000000000000000    0x172ac
 .debug_line    0x0000000000000000      0x955 ./Core/Src/main.o
 .debug_line    0x0000000000000955      0x86d ./Core/Src/stm32f4xx_hal_msp.o
 .debug_line    0x00000000000011c2      0x7fb ./Core/Src/stm32f4xx_it.o
 .debug_line    0x00000000000019bd      0x4f4 ./Core/Src/sysmem.o
 .debug_line    0x0000000000001eb1      0x7a2 ./Core/Src/system_stm32f4xx.o
 .debug_line    0x0000000000002653       0x88 ./Core/Startup/startup_stm32f411vetx.o
 .debug_line    0x00000000000026db      0xa08 ./Drivers/STM32F4xx_HAL_Driver/Src/stm32f4xx_hal.o
 .debug_line    0x00000000000030e3      0xcb7 ./Drivers/STM32F4xx_HAL_Driver/Src/stm32f4xx_hal_cortex.o
 .debug_line    0x0000000000003d9a      0xb40 ./Drivers/STM32F4xx_HAL_Driver/Src/stm32f4xx_hal_gpio.o
 .debug_line    0x00000000000048da     0x1205 ./Drivers/STM32F4xx_HAL_Driver/Src/stm32f4xx_hal_hcd.o
 .debug_line    0x0000000000005adf     0x39bd ./Drivers/STM32F4xx_HAL_Driver/Src/stm32f4xx_hal_i2c.o
 .debug_line    0x000000000000949c     0x13a1 ./Drivers/STM32F4xx_HAL_Driver/Src/stm32f4xx_hal_i2s.o
 .debug_line    0x000000000000a83d     0x14a0 ./Drivers/STM32F4xx_HAL_Driver/Src/stm32f4xx_hal_i2s_ex.o
 .debug_line    0x000000000000bcdd      0xd84 ./Drivers/STM32F4xx_HAL_Driver/Src/stm32f4xx_hal_rcc.o
 .debug_line    0x000000000000ca61      0xa62 ./Drivers/STM32F4xx_HAL_Driver/Src/stm32f4xx_hal_rcc_ex.o
 .debug_line    0x000000000000d4c3     0x1c92 ./Drivers/STM32F4xx_HAL_Driver/Src/stm32f4xx_hal_spi.o
 .debug_line    0x000000000000f155     0x1ac5 ./Drivers/STM32F4xx_HAL_Driver/Src/stm32f4xx_ll_usb.o
 .debug_line    0x0000000000010c1a      0xf36 ./Middlewares/ST/STM32_USB_Host_Library/Class/CDC/Src/usbh_cdc.o
 .debug_line    0x0000000000011b50     0x11b2 ./Middlewares/ST/STM32_USB_Host_Library/Core/Src/usbh_core.o
 .debug_line    0x0000000000012d02     0x1075 ./Middlewares/ST/STM32_USB_Host_Library/Core/Src/usbh_ctlreq.o
 .debug_line    0x0000000000013d77      0xb0e ./Middlewares/ST/STM32_USB_Host_Library/Core/Src/usbh_ioreq.o
 .debug_line    0x0000000000014885      0xab8 ./Middlewares/ST/STM32_USB_Host_Library/Core/Src/usbh_pipes.o
 .debug_line    0x000000000001533d      0xaa2 ./USB_HOST/App/usb_host.o
 .debug_line    0x0000000000015ddf      0xd7a ./USB_HOST/Target/usbh_conf.o
 .debug_line    0x0000000000016b59      0x753 ./USB_HOST/Target/usbh_platform.o

.debug_str      0x0000000000000000    0x8e797
 .debug_str     0x0000000000000000    0x83fd2 ./Core/Src/main.o
                                      0x8431f (size before relaxing)
 .debug_str     0x0000000000083fd2       0xce ./Core/Src/stm32f4xx_hal_msp.o
                                      0x84049 (size before relaxing)
 .debug_str     0x00000000000840a0      0x45c ./Core/Src/stm32f4xx_it.o
                                      0x83aff (size before relaxing)
 .debug_str     0x00000000000844fc     0x1e75 ./Core/Src/sysmem.o
                                       0x5dba (size before relaxing)
 .debug_str     0x0000000000086371       0xdb ./Core/Src/system_stm32f4xx.o
                                      0x83135 (size before relaxing)
 .debug_str     0x000000000008644c       0x36 ./Core/Startup/startup_stm32f411vetx.o
                                         0x64 (size before relaxing)
 .debug_str     0x0000000000086482      0x991 ./Drivers/STM32F4xx_HAL_Driver/Src/stm32f4xx_hal.o
                                      0x83b61 (size before relaxing)
 .debug_str     0x0000000000086e13      0x34d ./Drivers/STM32F4xx_HAL_Driver/Src/stm32f4xx_hal_cortex.o
                                      0x83882 (size before relaxing)
 .debug_str     0x0000000000087160      0x10e ./Drivers/STM32F4xx_HAL_Driver/Src/stm32f4xx_hal_gpio.o
                                      0x832b0 (size before relaxing)
 .debug_str     0x000000000008726e      0x545 ./Drivers/STM32F4xx_HAL_Driver/Src/stm32f4xx_hal_hcd.o
                                      0x83900 (size before relaxing)
 .debug_str     0x00000000000877b3      0xaf2 ./Drivers/STM32F4xx_HAL_Driver/Src/stm32f4xx_hal_i2c.o
                                      0x840f3 (size before relaxing)
 .debug_str     0x00000000000882a5      0x2b8 ./Drivers/STM32F4xx_HAL_Driver/Src/stm32f4xx_hal_i2s.o
                                      0x83714 (size before relaxing)
 .debug_str     0x000000000008855d      0x1d1 ./Drivers/STM32F4xx_HAL_Driver/Src/stm32f4xx_hal_i2s_ex.o
                                      0x8361f (size before relaxing)
 .debug_str     0x000000000008872e      0x213 ./Drivers/STM32F4xx_HAL_Driver/Src/stm32f4xx_hal_rcc.o
                                      0x83569 (size before relaxing)
 .debug_str     0x0000000000088941       0xf6 ./Drivers/STM32F4xx_HAL_Driver/Src/stm32f4xx_hal_rcc_ex.o
                                      0x832bd (size before relaxing)
 .debug_str     0x0000000000088a37      0x52d ./Drivers/STM32F4xx_HAL_Driver/Src/stm32f4xx_hal_spi.o
                                      0x839e7 (size before relaxing)
 .debug_str     0x0000000000088f64      0x516 ./Drivers/STM32F4xx_HAL_Driver/Src/stm32f4xx_ll_usb.o
                                      0x83a4d (size before relaxing)
 .debug_str     0x000000000008947a     0x4b83 ./Middlewares/ST/STM32_USB_Host_Library/Class/CDC/Src/usbh_cdc.o
                                      0x89c63 (size before relaxing)
 .debug_str     0x000000000008dffd      0x31b ./Middlewares/ST/STM32_USB_Host_Library/Core/Src/usbh_core.o
                                      0x89174 (size before relaxing)
 .debug_str     0x000000000008e318      0x1db ./Middlewares/ST/STM32_USB_Host_Library/Core/Src/usbh_ctlreq.o
                                      0x89118 (size before relaxing)
 .debug_str     0x000000000008e4f3       0xb2 ./Middlewares/ST/STM32_USB_Host_Library/Core/Src/usbh_ioreq.o
                                      0x88f1d (size before relaxing)
 .debug_str     0x000000000008e5a5       0x80 ./Middlewares/ST/STM32_USB_Host_Library/Core/Src/usbh_pipes.o
                                      0x88eb3 (size before relaxing)
 .debug_str     0x000000000008e625       0xa2 ./USB_HOST/App/usb_host.o
                                      0x895be (size before relaxing)
 .debug_str     0x000000000008e6c7       0xa8 ./USB_HOST/Target/usbh_conf.o
                                      0x89c5f (size before relaxing)
 .debug_str     0x000000000008e76f       0x28 ./USB_HOST/Target/usbh_platform.o
                                      0x83032 (size before relaxing)

.comment        0x0000000000000000       0x50
 .comment       0x0000000000000000       0x50 ./Core/Src/main.o
                                         0x51 (size before relaxing)
 .comment       0x0000000000000050       0x51 ./Core/Src/stm32f4xx_hal_msp.o
 .comment       0x0000000000000050       0x51 ./Core/Src/stm32f4xx_it.o
 .comment       0x0000000000000050       0x51 ./Core/Src/sysmem.o