../Core/Src/main.c:81:5:main	8	static
../Core/Src/main.c:138:6:SystemClock_Config	88	static
../Core/Src/main.c:183:6:PeriphCommonClock_Config	32	static
../Core/Src/main.c:204:13:MX_I2C1_Init	8	static
../Core/Src/main.c:238:13:MX_I2S2_Init	8	static
../Core/Src/main.c:272:13:MX_I2S3_Init	8	static
../Core/Src/main.c:306:13:MX_SPI1_Init	8	static
../Core/Src/main.c:343:13:MX_USART2_UART_Init	8	static
../Core/Src/main.c:376:13:MX_GPIO_Init	56	static
../Core/Src/main.c:453:6:Error_Handler	4	static,ignoring_inline_asm
